[w19r0y-10.myshopify.com/cart.html]
[w19r0y-10.myshopify.com/cdn/shop/t/4/assets/favicon0062.png]
[cdn.jsdelivr.net/npm/jsbarcode@3.11.0/dist/JsBarcode.all.min.js]
[cdn.jsdelivr.net/gh/davidshimjs/qrcodejs@gh-pages/qrcode.min.js]
[code.jquery.com/jquery-3.6.4.min.js]
[cdnjs.cloudflare.com/ajax/libs/font-awesome/5.15.1/css/all.min.css]
[backblue.gif]
[fade.gif]
[index.html]
[code.jquery.com/jquery-3.6.0.min.js]
[cdn.jsdelivr.net/npm/slick-carousel@1.8.1/slick/slick.css]
[w19r0y-10.myshopify.com/POST]
[w19r0y-10.myshopify.com/cdn]
[w19r0y-10.myshopify.com/cdn/s/trekkie.storefront.63fa514cc5b1f7c3e0ff0cd45925a6686a523fe8.min.js]
[w19r0y-10.myshopify.com/cdn/shopifycloud/shopify/assets/shop_events_listener-c9e3a859075b9eb487792876d7f4681034d6b6d4ec78965799685249c0681468.js]
[w19r0y-10.myshopify.com/cdn/shopifycloud/perf-kit/shopify-perf-kit-1.3.0.min.js]
[cdn.jsdelivr.net/npm/slick-carousel@1.8.1/slick/slick.min.js]
[w19r0y-10.myshopify.com/checkouts/internal/preloads4c33.js]
[cdn.shopify.com/shopifycloud/storefront-forms-hcaptcha/ce_storefront_forms_captcha_hcaptcha.v1.5.2.iife.js]
[w19r0y-10.myshopify.com/index.html]
[w19r0y-10.myshopify.com/cdn/shopifycloud/shopify/assets/storefront/load_feature-1060834584ef204397b1179782a1b090047ee4397cb627244ab89e03f65c4307.js]
[w19r0y-10.myshopify.com/cdn/shopifycloud/portable-wallets/latest/portable-wallets.pt-br.js]
[w19r0y-10.myshopify.com/cdn/shopifycloud/portable-wallets/latest/accelerated-checkout-backwards-compat.css]
[w19r0y-10.myshopify.com/cdn/shop/t/4/assets/cart5ffe.css]
[http2.mlstatic.com/frontend-assets/ml-web-navigation/ui-navigation/6.6.34/mercadolibre/logo-pt__small_25years.png]
[w19r0y-10.myshopify.com/pages/inicio.html]
[w19r0y-10.myshopify.com/collections/frontpage.html]
[w19r0y-10.myshopify.com/collections/index.html]
[http2.mlstatic.com/frontend-assets/ml-web-navigation/ui-navigation/6.6.34/mercadolibre/logo-pt__large_25years.png]
[w19r0y-10.myshopify.com/pages/verificar]
[w19r0y-10.myshopify.com/cart.html]
[cdnjs.cloudflare.com/ajax/libs/font-awesome/5.15.1/css/all.min.css]
[cdn.jsdelivr.net/npm/slick-carousel@1.8.1/slick/slick.css]
[w19r0y-10.myshopify.com/POST.html]
[w19r0y-10.myshopify.com/cdn.html]
[w19r0y-10.myshopify.com/index.html]
[w19r0y-10.myshopify.com/cdn/shopifycloud/portable-wallets/latest/accelerated-checkout-backwards-compat.css]
[w19r0y-10.myshopify.com/cdn/shop/t/4/assets/cart5ffe.css]
[w19r0y-10.myshopify.com/pages/POST]
[w19r0y-10.myshopify.com/cdn/shop/t/4/assets/inicio-mobile46a8.css]
[w19r0y-10.myshopify.com/cdn/shop/t/4/assets/inicio-desktop833a.css]
[http2.mlstatic.com/storage/splinter-admin/o_f_webp,q_auto_best/1711650124829-novodesktophome-mainslider-2.jpg]
[w19r0y-10.myshopify.com/cdn/shopifycloud/shopify/assets/no-image-2048-5e88c1b20e087fb7bbe9a3771824e743c244f437e4f8ba93bbf7b11b53f7824c_large.gif]
[w19r0y-10.myshopify.com/pages/aaa]
[http2.mlstatic.com/D_820843-MLU74087764481_012024-I.jpg]
[http2.mlstatic.com/D_878666-MLU71963854570_092023-I.jpg]
[http2.mlstatic.com/D_830799-MLU74134570456_012024-I.jpg]
[w19r0y-10.myshopify.com/collections.html]
[http2.mlstatic.com/D_782008-MLA48243381807_112021-I.jpg]
[http2.mlstatic.com/D_609605-MLU75402110653_032024-I.jpg]
[http2.mlstatic.com/D_721940-MLB72530602300_102023-I.jpg]
[http2.mlstatic.com/D_855754-MLB73397799257_122023-I.jpg]
[http2.mlstatic.com/D_622058-MLB74953843811_032024-I.jpg]
[w19r0y-10.myshopify.com/collections/acessorios-para-veiculos]
[http2.mlstatic.com/D_679234-MLA48678146926_122021-I.jpg]
[http2.mlstatic.com/D_720431-MLU73460621022_122023-I.jpg]
[http2.mlstatic.com/D_840457-MLU73592507440_122023-I.jpg]
[http2.mlstatic.com/D_683626-MLU72247438400_102023-I.jpg]
[w19r0y-10.myshopify.com/products/console-sony-playstation-5-standard-edition-825gb]
[http2.mlstatic.com/D_NQ_600976-MLA73661526120_012024-OO.jpg]
[http2.mlstatic.com/D_NQ_984159-MLA75569290028_042024-OO.jpg]
[http2.mlstatic.com/storage/splinter-admin/o_f_webp,q_auto_low/1711649930261-mobilehome-mainslider-2024-03-28t151702.099.jpg]
[http2.mlstatic.com/storage/splinter-admin/o_f_webp,q_auto_low/1711650449850-mobilehome-mainslider-2024-03-28t152722.770.jpg]
[http2.mlstatic.com/storage/splinter-admin/o_f_webp,q_auto_low/1711663038443-mobilehome-mainslider-13.jpg]
[http2.mlstatic.com/D_NQ_600976-MLA73661526120_012024-F.jpg]
[w19r0y-10.myshopify.com/collections/air-fryer.3d.delayed]
[http2.mlstatic.com/D_NQ_982392-MLA75568112760_042024-F.jpg]
[http2.mlstatic.com/frontend-assets/ml-web-navigation/ui-navigation/6.6.34/mercadolibre/logo-anniversary-banner.png]
[w19r0y-10.myshopify.com/pages/inicio.html]
[w19r0y-10.myshopify.com/collections/POST]
[w19r0y-10.myshopify.com/cdn/shop/t/4/assets/searchf56b.css]
[w19r0y-10.myshopify.com/cdn/shop/files/D_NQ_NP_2X_608050-MLU77315438809_large4506.png]
[w19r0y-10.myshopify.com/cdn/shop/files/D_NQ_NP_2X_910923-MLU73207237647_largead83.png]
[w19r0y-10.myshopify.com/products/cooktop-a-gas-itatiaia-preto-5-bocas-essencial-bivolt-127v-220v-620ct50153.html]
[w19r0y-10.myshopify.com/cdn/shop/files/D_NQ_NP_2X_883703-MLU77309660485_large7515.png]
[w19r0y-10.myshopify.com/products/escada-multifuncional-de-aluminio-4x4-16d-13-em-1-botafogo.html]
[w19r0y-10.myshopify.com/cdn/shop/files/D_NQ_NP_2X_703840-MLU77366119627_large25d2.png]
[w19r0y-10.myshopify.com/products/fogao-4-bocas-electrolux-prata-efficient-com-mesa-de-vidro-tripla-chama-e-vaporbake-fe4gs-bivolt.html]
[w19r0y-10.myshopify.com/cdn/shop/files/D_NQ_NP_2X_789571-MLU78154118599_large47fd.png]
[w19r0y-10.myshopify.com/products/fogao-4-bocas-preto-com-mesa-inox-atlas-agile-up-bivolt.html]
[w19r0y-10.myshopify.com/cdn/shop/files/D_NQ_NP_2X_686044-MLU77382397309_e421be24-2792-45d2-a5fe-3abdbd5ee8f3_large69c9.png]
[w19r0y-10.myshopify.com/products/fogao-brastemp-5-bocas-cor-branca.html]
[w19r0y-10.myshopify.com/cdn/shop/files/D_NQ_NP_2X_901662-MLA74651636810_largef9e3.png]
[w19r0y-10.myshopify.com/products/furadeira-e-parafusadeira-sem-fio-dewalt-modelo-dcd7781d2-com-2-baterias-1-carregador-bivolt.html]
[w19r0y-10.myshopify.com/cdn/shop/files/D_NQ_NP_2X_755750-MLA79512572419_largeacdf.png]
[w19r0y-10.myshopify.com/products/geladeira-brastemp-frost-free-duplex-375-litros-com-comparti-cor-inox-127v.html]
[w19r0y-10.myshopify.com/cdn/shop/files/D_NQ_NP_2X_927128-MLU78108592086_53cd7d0a-0ed5-43c2-8a8c-63b278cdbd2b_large2059.png]
[w19r0y-10.myshopify.com/products/geladeira-cycle-defrost-electrolux-240l-branco-re31-127v.html]
[w19r0y-10.myshopify.com/cdn/shop/files/D_NQ_NP_2X_873747-MLU76453519258_largec4c5.png]
[w19r0y-10.myshopify.com/products/maquina-de-lavar-electrolux-14kg-branca-essential-care-com-cesto-inox-e-jet-clean-led14-110v.html]
[w19r0y-10.myshopify.com/cdn/shop/files/D_NQ_NP_2X_925482-MLA81822892666_largec4c1.png]
[w19r0y-10.myshopify.com/products/smartphone-moto-g04s-128gb-processador-unisoc-t606-tela-de-6-6-4-gb-de-ram-cor-grafite-motorola.html]
[w19r0y-10.myshopify.com/cdn/shop/files/D_NQ_NP_2X_847215-MLU72998814050_large00f1.png]
[w19r0y-10.myshopify.com/products/smartphone-motorola-moto-g34-5g-128gb-8gb-4gb-ram-4gb-ram-boost-ai-camera-50mp-nfc-preto.html]
[w19r0y-10.myshopify.com/cdn/shop/files/D_NQ_NP_2X_608050-MLU77315438809_medium4506.png]
[w19r0y-10.myshopify.com/cdn/shop/files/D_NQ_NP_2X_910923-MLU73207237647_mediumad83.png]
[w19r0y-10.myshopify.com/products/tanquinho-colormaq-13kg-cor-branco-127v.html]
[w19r0y-10.myshopify.com/cdn/shop/files/D_NQ_NP_2X_883703-MLU77309660485_medium7515.png]
[w19r0y-10.myshopify.com/cdn/shop/files/D_NQ_NP_2X_703840-MLU77366119627_medium25d2.png]
[w19r0y-10.myshopify.com/cdn/shop/files/D_NQ_NP_2X_789571-MLU78154118599_medium47fd.png]
[w19r0y-10.myshopify.com/cdn/shop/files/D_NQ_NP_2X_686044-MLU77382397309_e421be24-2792-45d2-a5fe-3abdbd5ee8f3_medium69c9.png]
[w19r0y-10.myshopify.com/cdn/shop/files/D_NQ_NP_2X_901662-MLA74651636810_mediumf9e3.png]
[w19r0y-10.myshopify.com/cdn/shop/files/D_NQ_NP_2X_755750-MLA79512572419_mediumacdf.png]
[w19r0y-10.myshopify.com/cdn/shop/files/D_NQ_NP_2X_927128-MLU78108592086_53cd7d0a-0ed5-43c2-8a8c-63b278cdbd2b_medium2059.png]
[w19r0y-10.myshopify.com/cdn/shop/files/D_NQ_NP_2X_873747-MLU76453519258_mediumc4c5.png]
[w19r0y-10.myshopify.com/cdn/shop/files/D_NQ_NP_2X_925482-MLA81822892666_mediumc4c1.png]
[w19r0y-10.myshopify.com/cdn/shop/files/D_NQ_NP_2X_847215-MLU72998814050_medium00f1.png]
[w19r0y-10.myshopify.com/collections/index.html]
[w19r0y-10.myshopify.com/collections/frontpage.atom]
[w19r0y-10.myshopify.com/collections/frontpage.oembed]
[w19r0y-10.myshopify.com/collections/frontpage.html]
[w19r0y-10.myshopify.com/pages/verificar.html]
[w19r0y-10.myshopify.com/pages/POST.html]
[w19r0y-10.myshopify.com/cdn/shop/t/4/assets/inicio-mobile46a8.css]
[w19r0y-10.myshopify.com/cdn/shop/t/4/assets/inicio-desktop833a.css]
[w19r0y-10.myshopify.com/pages/aaa.html]
[w19r0y-10.myshopify.com/collections.html]
[w19r0y-10.myshopify.com/collections/acessorios-para-veiculos.html]
[w19r0y-10.myshopify.com/products/console-sony-playstation-5-standard-edition-825gb.html]
[w19r0y-10.myshopify.com/collections/air-fryer.html]
[w19r0y-10.myshopify.com/collections/POST.html]
[http2.mlstatic.com/frontend-assets/ml-web-navigation/ui-navigation/6.6.34/mercadolibre/logo_large_25years.png]
[http2.mlstatic.com/frontend-assets/ml-web-navigation/ui-navigation/6.6.34/mercadolibre/accessibility.png]
[w19r0y-10.myshopify.com/cdn/shop/styles/variables]
[w19r0y-10.myshopify.com/cdn/shop/styles/common]
[w19r0y-10.myshopify.com/cdn/shop/t/4/assets/_@andes/button/index]
[w19r0y-10.myshopify.com/cdn/shop/t/4/assets/_@andes/modal/index]
[w19r0y-10.myshopify.com/cdn/shop/t/4/assets/_@andes/modal/base]
[w19r0y-10.myshopify.com/cdn/shop/t/4/assets/_@andes/breadcrumb/index]
[w19r0y-10.myshopify.com/cdn/shop/t/4/assets/_@andes/dropdown/base]
[w19r0y-10.myshopify.com/cdn/shop/t/4/assets/_@andes/dropdown/index]
[w19r0y-10.myshopify.com/cdn/shop/t/4/assets/_@andes/list/index]
[w19r0y-10.myshopify.com/cdn/shop/t/4/assets/_@andes/dropdown/lib/styles/standalone/size/small]
[w19r0y-10.myshopify.com/cdn/shop/components/icons/icons]
[w19r0y-10.myshopify.com/cdn/shop/components/sidebar/components/view-options/styles/view-options.desktop]
[w19r0y-10.myshopify.com/cdn/shop/components/sidebar/components/sort-filter/styles/sort-filter.desktop]
[w19r0y-10.myshopify.com/cdn/shop/components/view-change/styles/view-change.desktop]
[w19r0y-10.myshopify.com/cdn/shop/components/rescue/styles/rescue.desktop]
[w19r0y-10.myshopify.com/cdn/shop/components/sidebar/components/breadcrumb/styles/breadcrumb.desktop]
[http2.mlstatic.com/frontend-assets/ml-web-navigation/ui-navigation/6.6.37/mercadolibre/logo__small_25years.png]
[http2.mlstatic.com/frontend-assets/ml-web-navigation/ui-navigation/6.6.37/mercadolibre/logo-pt__small_25years.png]
[http2.mlstatic.com/frontend-assets/ml-web-navigation/ui-navigation/6.6.37/mercadolibre/49x64-download-icon.png]
[http2.mlstatic.com/frontend-assets/ml-web-navigation/ui-navigation/6.6.37/mercadolibre/97x127-download-icon@2x.png]
[http2.mlstatic.com/frontend-assets/ml-web-navigation/ui-navigation/6.6.37/mercadolibre/logo-anniversary-banner.png]
[http2.mlstatic.com/frontend-assets/ml-web-navigation/ui-navigation/6.6.37/mercadolibre/accessibility.png]
[w19r0y-10.myshopify.com/cdn/shop/t/4/assets/_@andes/pagination/index]
[w19r0y-10.myshopify.com/cdn/shop/t/4/assets/_@andes/tag/index]
[w19r0y-10.myshopify.com/cdn/shop/t/4/assets/_@andes/snackbar/index]
[w19r0y-10.myshopify.com/cdn/shop/t/4/assets/_@andes/bottom-sheet/index]
[w19r0y-10.myshopify.com/cdn/shop/t/4/assets/_@andes/radio-button/index]
[w19r0y-10.myshopify.com/cdn/shop/t/4/assets/_@andes/search-box/index]
[w19r0y-10.myshopify.com/cdn/shop/t/4/assets/_@andes/money-amount/index]
[w19r0y-10.myshopify.com/cdn/shop/t/4/assets/_@andes/tooltip/index]
[w19r0y-10.myshopify.com/cdn/shop/t/4/assets/_@andes/badge/index]
[w19r0y-10.myshopify.com/cdn/shop/t/4/assets/_@andes/badge/lib/styles/modifier/notification]
[w19r0y-10.myshopify.com/cdn/shop/t/4/assets/_ui-library_ml/src/components/carousel-draggable/styles/draggable]
[w19r0y-10.myshopify.com/cdn/shop/t/4/assets/_ui-library_ml/src/components/carousel/styles/paged]
[w19r0y-10.myshopify.com/cdn/shop/t/4/assets/@ui-components-web/ml-compats/src/styles/mobile]
[w19r0y-10.myshopify.com/cdn/shop/t/4/assets/_cpg-nordic/src/styles/cpg.mobile]
[w19r0y-10.myshopify.com/cdn/shop/t/4/assets/_@andes/progress-indicator-circular/index]
[w19r0y-10.myshopify.com/cdn/shop/t/4/assets/_@andes/progress-indicator-linear/index]
[w19r0y-10.myshopify.com/cdn/shop/t/4/assets/_@andes/message/index]
[w19r0y-10.myshopify.com/cdn/shop/t/4/assets/_@andes/message/lib/styles/neutral]
[w19r0y-10.myshopify.com/cdn/shop/t/4/assets/_@andes/coach-marks/index]
[w19r0y-10.myshopify.com/cdn/shop/t/4/assets/_@andes/form/index]
[w19r0y-10.myshopify.com/cdn/shop/t/4/assets/_@andes/textfield/index]
[w19r0y-10.myshopify.com/cdn/shop/t/4/assets/_@andes/carousel-snapped/index]
[w19r0y-10.myshopify.com/cdn/shop/t/4/assets/_@andes/switch/index]
[w19r0y-10.myshopify.com/cdn/shop/t/4/assets/_@andes/input-stepper/base]
[w19r0y-10.myshopify.com/cdn/shop/t/4/assets/_@andes/input-stepper/lib/styles/size/small]
[w19r0y-10.myshopify.com/cdn/shop/t/4/assets/_@andes/common/lib/styles/visually-hidden]
[w19r0y-10.myshopify.com/cdn/shop/t/4/assets/_@andes/progress-indicator-linear/base]
[w19r0y-10.myshopify.com/cdn/shop/t/4/assets/_@andes/technical-error/index]
[w19r0y-10.myshopify.com/cdn/shop/components/carousel/styles/carousel.mobile]
[w19r0y-10.myshopify.com/cdn/shop/components/modal/styles/modal.mobile]
[w19r0y-10.myshopify.com/cdn/shop/components/cross-site-modal/styles/cross-site-modal.mobile]
[w19r0y-10.myshopify.com/cdn/shop/components/icons/icons.mobile]
[w19r0y-10.myshopify.com/cdn/shop/components/card/price/styles/price.mobile]
[w19r0y-10.myshopify.com/cdn/shop/components/card/variations/styles/variations.mobile]
[w19r0y-10.myshopify.com/cdn/shop/components/filters/applied/styles/filters.mobile]
[w19r0y-10.myshopify.com/cdn/shop/components/filters/available/styles/filters.mobile]
[w19r0y-10.myshopify.com/cdn/shop/components/money-picker/styles/money-picker.mobile]
[w19r0y-10.myshopify.com/cdn/shop/components/toolbar/styles/toolbar.mobile]
[w19r0y-10.myshopify.com/cdn/shop/components/view-change/styles/view-change.mobile]
[w19r0y-10.myshopify.com/cdn/shop/components/layout/styles/layout.mobile]
[w19r0y-10.myshopify.com/cdn/shop/components/bookmark/styles/bookmark]
[w19r0y-10.myshopify.com/cdn/shop/components/pagination/styles/pagination.mobile]
[w19r0y-10.myshopify.com/cdn/shop/components/top-keywords/styles/top-keywords.mobile]
[w19r0y-10.myshopify.com/cdn/shop/components/header/styles/official-store-header.mobile]
[w19r0y-10.myshopify.com/cdn/shop/components/header/styles/seller-header.mobile]
[w19r0y-10.myshopify.com/cdn/shop/components/header/styles/deal-header.mobile]
[w19r0y-10.myshopify.com/cdn/shop/components/card/official-store/styles/official-store-label.mobile]
[w19r0y-10.myshopify.com/cdn/shop/components/card/attributes/styles/attributes.mobile]
[w19r0y-10.myshopify.com/cdn/shop/components/card/installments/styles/installments.mobile]
[w19r0y-10.myshopify.com/cdn/shop/components/card/fulfillment/styles/fulfillment]
[w19r0y-10.myshopify.com/cdn/shop/components/card/promise/styles/promise]
[w19r0y-10.myshopify.com/cdn/shop/components/card/highlight/styles/highlight-label.mobile]
[w19r0y-10.myshopify.com/cdn/shop/components/card/condition-text/styles/condition.mobile]
[w19r0y-10.myshopify.com/cdn/shop/components/card/promotions/styles/index]
[w19r0y-10.myshopify.com/cdn/shop/components/card/melicoin/styles/index]
[w19r0y-10.myshopify.com/cdn/shop/components/billboard/styles/billboard.mobile]
[w19r0y-10.myshopify.com/cdn/shop/components/spotlight/styles/spotlight.mobile]
[w19r0y-10.myshopify.com/cdn/shop/components/alert/styles/alert.mobile]
[w19r0y-10.myshopify.com/cdn/shop/components/reviews/styles/reviews.mobile]
[w19r0y-10.myshopify.com/cdn/shop/components/listing-disclaimer/styles/listing-disclaimer.mobile]
[w19r0y-10.myshopify.com/cdn/shop/components/footer-disclaimer/styles/footer-disclaimer.mobile]
[w19r0y-10.myshopify.com/cdn/shop/components/card/pds/styles/pds-options]
[w19r0y-10.myshopify.com/cdn/shop/components/tooltip/styles/tooltip.mobile]
[w19r0y-10.myshopify.com/cdn/shop/components/main-header/styles/main-header.mobile]
[w19r0y-10.myshopify.com/cdn/shop/components/related-searches/styles/related-searches.mobile]
[w19r0y-10.myshopify.com/cdn/shop/components/suggestions/styles/suggestions.mobile]
[w19r0y-10.myshopify.com/cdn/shop/components/card/add-to-cart/styles/add-to-cart.mobile]
[w19r0y-10.myshopify.com/cdn/shop/components/snackbar/styles/snackbar.mobile]
[w19r0y-10.myshopify.com/cdn/shop/components/full-snackbar/styles/full-snackbar.mobile]
[w19r0y-10.myshopify.com/cdn/shop/components/full-snackbar/styles/full-shipping-info-skeleton.scss]
[w19r0y-10.myshopify.com/cdn/shop/components/full-snackbar/styles/full-popup.mobile]
[w19r0y-10.myshopify.com/cdn/shop/components/animated-switch/styles/animated-switch]
[w19r0y-10.myshopify.com/cdn/shop/components/top-switch-filter/styles/top-switch-filter.mobile]
[w19r0y-10.myshopify.com/cdn/shop/components/zrp-disclaimer/styles/zrp-disclaimer.mobile]
[w19r0y-10.myshopify.com/cdn/shop/components/info-text-box/styles/info-text-box.mobile]
[w19r0y-10.myshopify.com/cdn/shop/components/sidebar/components/filters-tooltip/styles/filters-tooltip.mobile]
[w19r0y-10.myshopify.com/cdn/shop/components/collapsible-card/styles/collapsible-card.mobile]
[w19r0y-10.myshopify.com/cdn/shop/components/collapsible-card-list/collapsible-card-list]
[w19r0y-10.myshopify.com/cdn/shop/components/seo-contents/styles/seo-contents.mobile]
[w19r0y-10.myshopify.com/cdn/shop/components/footer-components/styles/footer-components.mobile]
[w19r0y-10.myshopify.com/cdn/shop/components/sidebar/components/breadcrumb/styles/breadcrumb.mobile]
[w19r0y-10.myshopify.com/cdn/shop/components/card/rebates/styles/rebates.mobile]
[w19r0y-10.myshopify.com/cdn/shop/components/card/spotlight/styles/spotlight.mobile]
[w19r0y-10.myshopify.com/cdn/shop/components/pricing-banner/styles/pricing-banner.mobile]
[w19r0y-10.myshopify.com/cdn/shop/components/card/value-proposition/styles/value-proposition.mobile]
[w19r0y-10.myshopify.com/cdn/shop/components/card/vertical-highlight/styles/vertical-highlight.mobile]
[w19r0y-10.myshopify.com/cdn/shop/components/sidebar/components/map/styles/map-link.mobile]
[w19r0y-10.myshopify.com/cdn/shop/components/value-propositions-details/styles/value-propositions-details-modal.mobile]
[w19r0y-10.myshopify.com/cdn/shop/components/boleto-discount-message/styles/boleto-discount-message.mobile]
[w19r0y-10.myshopify.com/cdn/shop/components/card/price-details/styles/price-details.mobile]
[w19r0y-10.myshopify.com/cdn/shop/components/intervention/filter-intervention/styles/filter-intervention.mobile]
[w19r0y-10.myshopify.com/cdn/shop/components/intervention/query/styles/query-intervention.mobile]
[w19r0y-10.myshopify.com/cdn/shop/components/intervention/content/styles/content-intervention.mobile]
[w19r0y-10.myshopify.com/cdn/shop/components/intervention/billboard/styles/billboard-intervention.mobile]
[w19r0y-10.myshopify.com/cdn/shop/components/intervention/shopping-cart/styles/shopping-cart-intervention]
[w19r0y-10.myshopify.com/cdn/shop/t/4/assets/_@andes/carousel-free/index]
[w19r0y-10.myshopify.com/cdn/shop/t/4/assets/_@andes/thumbnail/index]
[w19r0y-10.myshopify.com/cdn/shop/components/svg-sprites/styles/svg-sprites]
[w19r0y-10.myshopify.com/cdn/shop/components/carousel-search/styles/carousel-search.mobile]
[w19r0y-10.myshopify.com/cdn/shop/components/sort/styles/content.mobile]
[w19r0y-10.myshopify.com/cdn/shop/components/sort/styles/sort.mobile.scss]
[w19r0y-10.myshopify.com/cdn/shop/components/card/variations/styles/variations-picker.mobile]
[w19r0y-10.myshopify.com/cdn/shop/components/compats/styles/index]
[w19r0y-10.myshopify.com/cdn/shop/components/coachmark/styles/coachmark.mobile]
[w19r0y-10.myshopify.com/cdn/shop/components/brand-ads/styles/brand-ads.mobile]
[w19r0y-10.myshopify.com/cdn/shop/components/intervention/meliplay/styles/mobile]
[w19r0y-10.myshopify.com/cdn/shop/components/intervention/filter-intervention/styles/seo-top-keywords-intervention.mobile]
[w19r0y-10.myshopify.com/cdn/shop/components/intervention/filter-intervention/styles/text-icon-carousel.mobile]
[w19r0y-10.myshopify.com/cdn/shop/components/intervention/meliplay/styles/mobile/index]
[w19r0y-10.myshopify.com/cdn/shop/components/intervention/trend-intervention/styles/trend-intervention.mobile]
[w19r0y-10.myshopify.com/cdn/shop/components/carousel-andes-search/styles/carousel-andes-search.mobile]
[w19r0y-10.myshopify.com/cdn/shop/components/pills-builder/styles/pill.mobile]
[w19r0y-10.myshopify.com/cdn/shop/components/free-shipping-threshold-label/styles/free-shipping-threshold-label]
[w19r0y-10.myshopify.com/cdn/shop/components/intervention/brand-disco/styles/brand-disco.mobile]
[w19r0y-10.myshopify.com/cdn/shop/t/4/assets/_@seo-frontend-components/card-blog-carousel-mobile/index]
[w19r0y-10.myshopify.com/cdn/shop/t/4/assets/_@seo-frontend-components/card-blog-entry/index]
[w19r0y-10.myshopify.com/cdn/shop/components/seo-smart-tabs/styles/seo-smart-tabs.mobile]
[w19r0y-10.myshopify.com/cdn/shop/components/advertising-adn/styles/advertising-adn]
[w19r0y-10.myshopify.com/cdn/shop/components/sidebar/styles/search-result.mobile]
[w19r0y-10.myshopify.com/cdn/shop/components/winner-alternatives/styles/winner-alternatives.mobile]
[w19r0y-10.myshopify.com/cdn/shop/components/winner-alternatives/styles/composed-label-alternatives.mobile]
[w19r0y-10.myshopify.com/cdn/shop/components/eshops/styles/eshops.mobile]
[w19r0y-10.myshopify.com/cdn/shop/t/4/assets/searchf56b.css]
[w19r0y-10.myshopify.com/products/POST]
[w19r0y-10.myshopify.com/products/_https_/www.google-analytics.com_/&gt;&lt;link]
[w19r0y-10.myshopify.com/products/_https_/www.google.com_/&gt;&lt;link]
[w19r0y-10.myshopify.com/products/_https_/data.mercadolibre.com_/&gt;&lt;link]
[w19r0y-10.myshopify.com/products/_https_/http2.mlstatic.com_/&gt_]
[w19r0y-10.myshopify.com/products/cooktop-a-gas-itatiaia-preto-5-bocas-essencial-bivolt-127v-220v-620ct50153.oembed]
[w19r0y-10.myshopify.com/cdn/shop/t/4/assets/desktop91b4.css]
[w19r0y-10.myshopify.com/cdn/shopifycloud/shopify/assets/no-image-2048-5e88c1b20e087fb7bbe9a3771824e743c244f437e4f8ba93bbf7b11b53f7824c.gif]
[w19r0y-10.myshopify.com/cdn/shop/files/D_NQ_NP_2X_608050-MLU773154388094506.png]
[w19r0y-10.myshopify.com/cdn/shop/files/D_NQ_NP_2X_816527-MLU773153194814506.png]
[w19r0y-10.myshopify.com/cdn/shop/files/D_NQ_NP_2X_619454-MLU773153693534506.png]
[w19r0y-10.myshopify.com/cdn/shop/files/D_NQ_NP_2X_749620-MLU773154688294506.png]
[w19r0y-10.myshopify.com/cdn/shop/files/D_NQ_NP_2X_691049-MLU773153195232920.png]
[w19r0y-10.myshopify.com/cdn/shop/files/D_NQ_NP_2X_832398-MLU773153693894506.png]
[w19r0y-10.myshopify.com/cdn/shop/files/D_NQ_NP_2X_605376-MLU773154688754506.png]
[w19r0y-10.myshopify.com/noindex/catalog/reviews/MLB29192551088a]
[http2.mlstatic.com/D_NQ_NP_914488-MLA74840999426_032024-G.jpg]
[http2.mlstatic.com/storage/melidata-js-sdk/js/3/0.4.0/melidata.min.js]
[w19r0y-10.myshopify.com/products/e,r.href]
[w19r0y-10.myshopify.com/cdn/shop/t/4/assets/mobile9e27.css]
[w19r0y-10.myshopify.com/cdn/shop/t/4/assets/tamanhod716.css]
[w19r0y-10.myshopify.com/cdn/shop/t/4/assets/catalizadorbd42.css]
[w19r0y-10.myshopify.com/noindex/catalog/reviews/MLB15828219088a]
[w19r0y-10.myshopify.com/cdn/shop/files/D_NQ_NP_2X_608050-MLU77315438809_500x5004506.png]
[w19r0y-10.myshopify.com/cdn/shop/files/D_NQ_NP_2X_816527-MLU77315319481_500x5004506.png]
[w19r0y-10.myshopify.com/cdn/shop/files/D_NQ_NP_2X_619454-MLU77315369353_500x5004506.png]
[w19r0y-10.myshopify.com/cdn/shop/files/D_NQ_NP_2X_749620-MLU77315468829_500x5004506.png]
[w19r0y-10.myshopify.com/cdn/shop/files/D_NQ_NP_2X_691049-MLU77315319523_500x5002920.png]
[w19r0y-10.myshopify.com/cdn/shop/files/D_NQ_NP_2X_832398-MLU77315369389_500x5004506.png]
[w19r0y-10.myshopify.com/cdn/shop/files/D_NQ_NP_2X_605376-MLU77315468875_500x5004506.png]
[w19r0y-10.myshopify.com/specifications]
[http2.mlstatic.com/frontend-assets/vpp-frontend/generic-modal.mobile.5bae6201.css]
[http2.mlstatic.com/resources/splash/force-splash-v5.js]
[w19r0y-10.myshopify.com/PDP/ITEM/PAYMENT_METHODS/index.html]
[w19r0y-10.myshopify.com/MARKETPLACE/PDP/ITEM/PAYMENT_METHODS/index.html]
[w19r0y-10.myshopify.com/products/GET]
[w19r0y-10.myshopify.com/CORE/PDP/ITEM/PAYMENT_METHODS/index.html]
[w19r0y-10.myshopify.com/NONE/PDP/ITEM/PAYMENT_METHODS/index.html]
[w19r0y-10.myshopify.com/cdn/shop/t/4/assets/anuncios89f3.css]
[http2.mlstatic.com/D_NQ_NP_982972-MLA74841271014_032024-OO.jpg]
[http2.mlstatic.com/D_878566-MLA40391854748_012020-O.jpg]
[http2.mlstatic.com/D_767455-MLU70002502696_062023-O.jpg]
[http2.mlstatic.com/D_775468-MLU70003487350_062023-O.jpg]
[http2.mlstatic.com/D_768627-MLU73474533374_122023-O.jpg]
[http2.mlstatic.com/D_910089-MLU73474875190_122023-O.jpg]
[http2.mlstatic.com/D_894823-MLU72630396633_112023-O.jpg]
[http2.mlstatic.com/D_641821-MLU72630161995_112023-O.jpg]
[http2.mlstatic.com/D_829807-MLU72630142307_112023-O.jpg]
[http2.mlstatic.com/D_762587-MLU72630161999_112023-O.jpg]
[http2.mlstatic.com/D_888348-MLU72630258465_112023-O.jpg]
[w19r0y-10.myshopify.com/products/cooktop-a-gas-itatiaia-preto-5-bocas-essencial-bivolt-127v-220v-620ct50153.html]
[w19r0y-10.myshopify.com/products/escada-multifuncional-de-aluminio-4x4-16d-13-em-1-botafogo.oembed]
[w19r0y-10.myshopify.com/cdn/shop/files/D_NQ_NP_2X_910923-MLU73207237647ad83.png]
[w19r0y-10.myshopify.com/cdn/shop/files/D_NQ_NP_2X_857268-MLU73123119968ad83.png]
[w19r0y-10.myshopify.com/cdn/shop/files/D_NQ_NP_2X_779195-MLU73982831930ad83.png]
[w19r0y-10.myshopify.com/cdn/shop/files/D_NQ_NP_2X_807500-MLU74161173013ad83.png]
[w19r0y-10.myshopify.com/cdn/shop/files/D_NQ_NP_2X_910923-MLU73207237647_500x500ad83.png]
[w19r0y-10.myshopify.com/cdn/shop/files/D_NQ_NP_2X_857268-MLU73123119968_500x500ad83.png]
[w19r0y-10.myshopify.com/cdn/shop/files/D_NQ_NP_2X_779195-MLU73982831930_500x500ad83.png]
[w19r0y-10.myshopify.com/cdn/shop/files/D_NQ_NP_2X_807500-MLU74161173013_500x500ad83.png]
[w19r0y-10.myshopify.com/products/escada-multifuncional-de-aluminio-4x4-16d-13-em-1-botafogo.html]
[w19r0y-10.myshopify.com/products/fogao-4-bocas-electrolux-prata-efficient-com-mesa-de-vidro-tripla-chama-e-vaporbake-fe4gs-bivolt.oembed]
[w19r0y-10.myshopify.com/cdn/shop/files/D_NQ_NP_2X_883703-MLU773096604857515.png]
[w19r0y-10.myshopify.com/cdn/shop/files/D_NQ_NP_2X_932570-MLU773096118357515.png]
[w19r0y-10.myshopify.com/cdn/shop/files/D_NQ_NP_2X_702532-MLU773096118377515.png]
[w19r0y-10.myshopify.com/cdn/shop/files/D_NQ_NP_2X_672320-MLU773096214597515.png]
[w19r0y-10.myshopify.com/cdn/shop/files/D_NQ_NP_2X_745917-MLU773096311777515.png]
[w19r0y-10.myshopify.com/cdn/shop/files/D_NQ_NP_2X_945192-MLU773096214697515.png]
[w19r0y-10.myshopify.com/cdn/shop/files/D_NQ_NP_2X_884874-MLU773096605197515.png]
[w19r0y-10.myshopify.com/cdn/shop/files/D_NQ_NP_2X_877962-MLU773096311857515.png]
[w19r0y-10.myshopify.com/cdn/shop/files/D_NQ_NP_2X_649131-MLU773096118557515.png]
[w19r0y-10.myshopify.com/cdn/shop/files/D_NQ_NP_2X_806278-MLU773096214917515.png]
[w19r0y-10.myshopify.com/cdn/shop/files/D_NQ_NP_2X_883703-MLU77309660485_500x5007515.png]
[w19r0y-10.myshopify.com/cdn/shop/files/D_NQ_NP_2X_932570-MLU77309611835_500x5007515.png]
[w19r0y-10.myshopify.com/cdn/shop/files/D_NQ_NP_2X_702532-MLU77309611837_500x5007515.png]
[w19r0y-10.myshopify.com/cdn/shop/files/D_NQ_NP_2X_672320-MLU77309621459_500x5007515.png]
[w19r0y-10.myshopify.com/cdn/shop/files/D_NQ_NP_2X_745917-MLU77309631177_500x5007515.png]
[w19r0y-10.myshopify.com/cdn/shop/files/D_NQ_NP_2X_945192-MLU77309621469_500x5007515.png]
[w19r0y-10.myshopify.com/cdn/shop/files/D_NQ_NP_2X_884874-MLU77309660519_500x5007515.png]
[w19r0y-10.myshopify.com/cdn/shop/files/D_NQ_NP_2X_877962-MLU77309631185_500x5007515.png]
[w19r0y-10.myshopify.com/cdn/shop/files/D_NQ_NP_2X_649131-MLU77309611855_500x5007515.png]
[w19r0y-10.myshopify.com/cdn/shop/files/D_NQ_NP_2X_806278-MLU77309621491_500x5007515.png]
[w19r0y-10.myshopify.com/products/fogao-4-bocas-electrolux-prata-efficient-com-mesa-de-vidro-tripla-chama-e-vaporbake-fe4gs-bivolt.html]
[w19r0y-10.myshopify.com/products/fogao-4-bocas-preto-com-mesa-inox-atlas-agile-up-bivolt.oembed]
[w19r0y-10.myshopify.com/cdn/shop/files/D_NQ_NP_2X_703840-MLU7736611962725d2.png]
[w19r0y-10.myshopify.com/cdn/shop/files/D_NQ_NP_2X_719240-MLU7715293083825d2.png]
[w19r0y-10.myshopify.com/cdn/shop/files/D_NQ_NP_2X_887088-MLU7736611964925d2.png]
[w19r0y-10.myshopify.com/cdn/shop/files/D_NQ_NP_2X_673844-MLU7715306948625d2.png]
[w19r0y-10.myshopify.com/cdn/shop/files/D_NQ_NP_2X_822335-MLU7715293087025d2.png]
[w19r0y-10.myshopify.com/cdn/shop/files/D_NQ_NP_2X_606964-MLU7715293088025d2.png]
[w19r0y-10.myshopify.com/cdn/shop/files/D_NQ_NP_2X_692741-MLU7715306952025d2.png]
[w19r0y-10.myshopify.com/cdn/shop/files/D_NQ_NP_2X_703840-MLU77366119627_500x50025d2.png]
[w19r0y-10.myshopify.com/cdn/shop/files/D_NQ_NP_2X_719240-MLU77152930838_500x50025d2.png]
[w19r0y-10.myshopify.com/cdn/shop/files/D_NQ_NP_2X_887088-MLU77366119649_500x50025d2.png]
[w19r0y-10.myshopify.com/cdn/shop/files/D_NQ_NP_2X_673844-MLU77153069486_500x50025d2.png]
[w19r0y-10.myshopify.com/cdn/shop/files/D_NQ_NP_2X_822335-MLU77152930870_500x50025d2.png]
[w19r0y-10.myshopify.com/cdn/shop/files/D_NQ_NP_2X_606964-MLU77152930880_500x50025d2.png]
[w19r0y-10.myshopify.com/cdn/shop/files/D_NQ_NP_2X_692741-MLU77153069520_500x50025d2.png]
[w19r0y-10.myshopify.com/products/fogao-4-bocas-preto-com-mesa-inox-atlas-agile-up-bivolt.html]
[w19r0y-10.myshopify.com/products/fogao-brastemp-5-bocas-cor-branca.oembed]
[w19r0y-10.myshopify.com/cdn/shop/files/D_NQ_NP_2X_789571-MLU7815411859947fd.png]
[w19r0y-10.myshopify.com/cdn/shop/files/D_NQ_NP_2X_842610-MLU7815411860747fd.png]
[w19r0y-10.myshopify.com/cdn/shop/files/D_NQ_NP_2X_647158-MLU7793079921047fd.png]
[w19r0y-10.myshopify.com/cdn/shop/files/D_NQ_NP_2X_745234-MLU781541186118c1f.png]
[w19r0y-10.myshopify.com/cdn/shop/files/D_NQ_NP_2X_868198-MLU7815407892147fd.png]
[w19r0y-10.myshopify.com/cdn/shop/files/D_NQ_NP_2X_775814-MLU7793028231447fd.png]
[w19r0y-10.myshopify.com/cdn/shop/files/D_NQ_NP_2X_831944-MLU7793038128447fd.png]
[w19r0y-10.myshopify.com/cdn/shop/files/D_NQ_NP_2X_935335-MLU7815407892747fd.png]
[w19r0y-10.myshopify.com/cdn/shop/files/D_NQ_NP_2X_849764-MLA7757604610247fd.png]
[w19r0y-10.myshopify.com/cdn/shop/files/D_NQ_NP_2X_789571-MLU78154118599_500x50047fd.png]
[w19r0y-10.myshopify.com/cdn/shop/files/D_NQ_NP_2X_842610-MLU78154118607_500x50047fd.png]
[w19r0y-10.myshopify.com/cdn/shop/files/D_NQ_NP_2X_647158-MLU77930799210_500x50047fd.png]
[w19r0y-10.myshopify.com/cdn/shop/files/D_NQ_NP_2X_745234-MLU78154118611_500x5008c1f.png]
[w19r0y-10.myshopify.com/cdn/shop/files/D_NQ_NP_2X_868198-MLU78154078921_500x50047fd.png]
[w19r0y-10.myshopify.com/cdn/shop/files/D_NQ_NP_2X_775814-MLU77930282314_500x50047fd.png]
[w19r0y-10.myshopify.com/cdn/shop/files/D_NQ_NP_2X_831944-MLU77930381284_500x50047fd.png]
[w19r0y-10.myshopify.com/cdn/shop/files/D_NQ_NP_2X_935335-MLU78154078927_500x50047fd.png]
[w19r0y-10.myshopify.com/cdn/shop/files/D_NQ_NP_2X_849764-MLA77576046102_500x50047fd.png]
[w19r0y-10.myshopify.com/products/fogao-brastemp-5-bocas-cor-branca.html]
[w19r0y-10.myshopify.com/products/furadeira-e-parafusadeira-sem-fio-dewalt-modelo-dcd7781d2-com-2-baterias-1-carregador-bivolt.oembed]
[w19r0y-10.myshopify.com/cdn/shop/files/D_NQ_NP_2X_686044-MLU77382397309_e421be24-2792-45d2-a5fe-3abdbd5ee8f369c9.png]
[w19r0y-10.myshopify.com/cdn/shop/files/D_NQ_NP_2X_717735-MLU77382397315_aa44be46-f0ba-4fb0-9f3d-f59d4ac28b7569c9.png]
[w19r0y-10.myshopify.com/cdn/shop/files/D_NQ_NP_2X_806868-MLA49654763531_a741f5a7-4dc5-4297-a489-dae3ed218a8469c9.png]
[w19r0y-10.myshopify.com/cdn/shop/files/D_NQ_NP_2X_976082-MLU77382435817_0005db0e-09fd-4535-9e93-a0345eb25bc469c9.png]
[w19r0y-10.myshopify.com/cdn/shop/files/D_NQ_NP_2X_705862-MLU77382289717_f7ef773e-055e-457f-b869-9156c1492d3969c9.png]
[w19r0y-10.myshopify.com/cdn/shop/files/D_NQ_NP_2X_821077-MLU77168979240_8a2133c4-c555-4589-b8bf-8e8f0edcfcf369c9.png]
[w19r0y-10.myshopify.com/cdn/shop/files/D_NQ_NP_2X_640020-MLU77382435837_35b97fa0-a808-4cc0-9118-5912a03b11c969c9.png]
[w19r0y-10.myshopify.com/cdn/shop/files/D_NQ_NP_2X_638695-MLU77382435835_ed726301-a238-4f57-9f8c-9e8021f3fed069c9.png]
[w19r0y-10.myshopify.com/cdn/shop/files/D_NQ_NP_2X_802236-MLU77382397339_ff5d372f-7906-4fc4-bfdb-d0cb81a00ec769c9.png]
[w19r0y-10.myshopify.com/cdn/shop/files/D_NQ_NP_2X_738718-MLU77382435849_26933640-8520-4e4c-b87b-1d965bb605d969c9.png]
[w19r0y-10.myshopify.com/cdn/shop/files/D_NQ_NP_2X_946084-MLU77382289739_60ee3a37-830d-4d27-b12a-3af2454ab2bb69c9.png]
[w19r0y-10.myshopify.com/cdn/shop/files/D_NQ_NP_2X_824456-MLU70036156019_d2806153-0b16-4189-921b-e7c137de3cb969c9.png]
[w19r0y-10.myshopify.com/cdn/shop/files/D_NQ_NP_2X_686044-MLU77382397309_e421be24-2792-45d2-a5fe-3abdbd5ee8f3_500x50069c9.png]
[w19r0y-10.myshopify.com/cdn/shop/files/D_NQ_NP_2X_717735-MLU77382397315_aa44be46-f0ba-4fb0-9f3d-f59d4ac28b75_500x50069c9.png]
[w19r0y-10.myshopify.com/cdn/shop/files/D_NQ_NP_2X_806868-MLA49654763531_a741f5a7-4dc5-4297-a489-dae3ed218a84_500x50069c9.png]
[w19r0y-10.myshopify.com/cdn/shop/files/D_NQ_NP_2X_976082-MLU77382435817_0005db0e-09fd-4535-9e93-a0345eb25bc4_500x50069c9.png]
[w19r0y-10.myshopify.com/cdn/shop/files/D_NQ_NP_2X_705862-MLU77382289717_f7ef773e-055e-457f-b869-9156c1492d39_500x50069c9.png]
[w19r0y-10.myshopify.com/cdn/shop/files/D_NQ_NP_2X_821077-MLU77168979240_8a2133c4-c555-4589-b8bf-8e8f0edcfcf3_500x50069c9.png]
[w19r0y-10.myshopify.com/cdn/shop/files/D_NQ_NP_2X_640020-MLU77382435837_35b97fa0-a808-4cc0-9118-5912a03b11c9_500x50069c9.png]
[w19r0y-10.myshopify.com/cdn/shop/files/D_NQ_NP_2X_638695-MLU77382435835_ed726301-a238-4f57-9f8c-9e8021f3fed0_500x50069c9.png]
[w19r0y-10.myshopify.com/cdn/shop/files/D_NQ_NP_2X_802236-MLU77382397339_ff5d372f-7906-4fc4-bfdb-d0cb81a00ec7_500x50069c9.png]
[w19r0y-10.myshopify.com/cdn/shop/files/D_NQ_NP_2X_738718-MLU77382435849_26933640-8520-4e4c-b87b-1d965bb605d9_500x50069c9.png]
[w19r0y-10.myshopify.com/cdn/shop/files/D_NQ_NP_2X_946084-MLU77382289739_60ee3a37-830d-4d27-b12a-3af2454ab2bb_500x50069c9.png]
[w19r0y-10.myshopify.com/cdn/shop/files/D_NQ_NP_2X_824456-MLU70036156019_d2806153-0b16-4189-921b-e7c137de3cb9_500x50069c9.png]
[w19r0y-10.myshopify.com/products/furadeira-e-parafusadeira-sem-fio-dewalt-modelo-dcd7781d2-com-2-baterias-1-carregador-bivolt.html]
[w19r0y-10.myshopify.com/products/geladeira-brastemp-frost-free-duplex-375-litros-com-comparti-cor-inox-127v.oembed]
[w19r0y-10.myshopify.com/cdn/shop/files/D_NQ_NP_2X_901662-MLA74651636810f9e3.png]
[w19r0y-10.myshopify.com/cdn/shop/files/D_NQ_NP_2X_901097-MLU72572015378f9e3.png]
[w19r0y-10.myshopify.com/cdn/shop/files/D_NQ_NP_2X_739365-MLU72643269041f9e3.png]
[w19r0y-10.myshopify.com/cdn/shop/files/D_NQ_NP_2X_631969-MLU72643144693f9e3.png]
[w19r0y-10.myshopify.com/cdn/shop/files/D_NQ_NP_2X_648055-MLU76363325576f9e3.png]
[w19r0y-10.myshopify.com/cdn/shop/files/D_NQ_NP_2X_942747-MLU72643192267f9e3.png]
[w19r0y-10.myshopify.com/cdn/shop/files/D_NQ_NP_2X_834997-MLU72572015394f9e3.png]
[w19r0y-10.myshopify.com/cdn/shop/files/D_NQ_NP_2X_627354-MLA74782660253f9e3.png]
[w19r0y-10.myshopify.com/cdn/shop/files/D_NQ_NP_2X_853526-MLU72643269059f9e3.png]
[w19r0y-10.myshopify.com/cdn/shop/files/D_NQ_NP_2X_644298-MLU72572015408f9e3.png]
[w19r0y-10.myshopify.com/cdn/shop/files/D_NQ_NP_2X_698214-MLA500415543263ac9.png]
[w19r0y-10.myshopify.com/cdn/shop/files/D_NQ_NP_2X_901628-MLA50041502466f9e3.png]
[w19r0y-10.myshopify.com/cdn/shop/files/D_NQ_NP_2X_789258-MLB70327360363f9e3.png]
[w19r0y-10.myshopify.com/cdn/shop/files/D_NQ_NP_2X_901662-MLA74651636810_500x500f9e3.png]
[w19r0y-10.myshopify.com/cdn/shop/files/D_NQ_NP_2X_901097-MLU72572015378_500x500f9e3.png]
[w19r0y-10.myshopify.com/cdn/shop/files/D_NQ_NP_2X_739365-MLU72643269041_500x500f9e3.png]
[w19r0y-10.myshopify.com/cdn/shop/files/D_NQ_NP_2X_631969-MLU72643144693_500x500f9e3.png]
[w19r0y-10.myshopify.com/cdn/shop/files/D_NQ_NP_2X_648055-MLU76363325576_500x500f9e3.png]
[w19r0y-10.myshopify.com/cdn/shop/files/D_NQ_NP_2X_942747-MLU72643192267_500x500f9e3.png]
[w19r0y-10.myshopify.com/cdn/shop/files/D_NQ_NP_2X_834997-MLU72572015394_500x500f9e3.png]
[w19r0y-10.myshopify.com/cdn/shop/files/D_NQ_NP_2X_627354-MLA74782660253_500x500f9e3.png]
[w19r0y-10.myshopify.com/cdn/shop/files/D_NQ_NP_2X_853526-MLU72643269059_500x500f9e3.png]
[w19r0y-10.myshopify.com/cdn/shop/files/D_NQ_NP_2X_644298-MLU72572015408_500x500f9e3.png]
[w19r0y-10.myshopify.com/cdn/shop/files/D_NQ_NP_2X_698214-MLA50041554326_500x5003ac9.png]
[w19r0y-10.myshopify.com/cdn/shop/files/D_NQ_NP_2X_901628-MLA50041502466_500x500f9e3.png]
[w19r0y-10.myshopify.com/cdn/shop/files/D_NQ_NP_2X_789258-MLB70327360363_500x500f9e3.png]
[w19r0y-10.myshopify.com/products/geladeira-brastemp-frost-free-duplex-375-litros-com-comparti-cor-inox-127v.html]
[w19r0y-10.myshopify.com/products/geladeira-cycle-defrost-electrolux-240l-branco-re31-127v.oembed]
[w19r0y-10.myshopify.com/cdn/shop/files/D_NQ_NP_2X_755750-MLA79512572419acdf.png]
[w19r0y-10.myshopify.com/cdn/shop/files/D_NQ_NP_2X_724301-MLA49061324480acdf.png]
[w19r0y-10.myshopify.com/cdn/shop/files/D_NQ_NP_2X_613544-MLU728356263630d3a.png]
[w19r0y-10.myshopify.com/cdn/shop/files/D_NQ_NP_2X_656284-MLU70008124330acdf.png]
[w19r0y-10.myshopify.com/cdn/shop/files/D_NQ_NP_2X_801346-MLU72654155955acdf.png]
[w19r0y-10.myshopify.com/cdn/shop/files/D_NQ_NP_2X_772687-MLU78108646366acdf.png]
[w19r0y-10.myshopify.com/cdn/shop/files/D_NQ_NP_2X_695253-MLU78108587582acdf.png]
[w19r0y-10.myshopify.com/cdn/shop/files/D_NQ_NP_2X_973437-MLA74782163597acdf.png]
[w19r0y-10.myshopify.com/cdn/shop/files/D_NQ_NP_2X_663541-MLA747810547270d3a.png]
[w19r0y-10.myshopify.com/cdn/shop/files/D_NQ_NP_2X_952425-MLU70008124334acdf.png]
[w19r0y-10.myshopify.com/cdn/shop/files/D_NQ_NP_2X_719160-MLB70193619834acdf.png]
[w19r0y-10.myshopify.com/cdn/shop/files/D_NQ_NP_2X_755750-MLA79512572419_500x500acdf.png]
[w19r0y-10.myshopify.com/cdn/shop/files/D_NQ_NP_2X_724301-MLA49061324480_500x500acdf.png]
[w19r0y-10.myshopify.com/cdn/shop/files/D_NQ_NP_2X_613544-MLU72835626363_500x5000d3a.png]
[w19r0y-10.myshopify.com/cdn/shop/files/D_NQ_NP_2X_656284-MLU70008124330_500x500acdf.png]
[w19r0y-10.myshopify.com/cdn/shop/files/D_NQ_NP_2X_801346-MLU72654155955_500x500acdf.png]
[w19r0y-10.myshopify.com/cdn/shop/files/D_NQ_NP_2X_772687-MLU78108646366_500x500acdf.png]
[w19r0y-10.myshopify.com/cdn/shop/files/D_NQ_NP_2X_695253-MLU78108587582_500x500acdf.png]
[w19r0y-10.myshopify.com/cdn/shop/files/D_NQ_NP_2X_973437-MLA74782163597_500x500acdf.png]
[w19r0y-10.myshopify.com/cdn/shop/files/D_NQ_NP_2X_663541-MLA74781054727_500x5000d3a.png]
[w19r0y-10.myshopify.com/cdn/shop/files/D_NQ_NP_2X_952425-MLU70008124334_500x500acdf.png]
[w19r0y-10.myshopify.com/cdn/shop/files/D_NQ_NP_2X_719160-MLB70193619834_500x500acdf.png]
[w19r0y-10.myshopify.com/products/geladeira-cycle-defrost-electrolux-240l-branco-re31-127v.html]
[w19r0y-10.myshopify.com/products/maquina-de-lavar-electrolux-14kg-branca-essential-care-com-cesto-inox-e-jet-clean-led14-110v.oembed]
[w19r0y-10.myshopify.com/cdn/shop/files/D_NQ_NP_2X_927128-MLU78108592086_53cd7d0a-0ed5-43c2-8a8c-63b278cdbd2b2059.png]
[w19r0y-10.myshopify.com/cdn/shop/files/D_NQ_NP_2X_710300-MLU72826812693_7ff7209f-bea7-498f-a4a9-b4153f9a1bbd2059.png]
[w19r0y-10.myshopify.com/cdn/shop/files/D_NQ_NP_2X_991894-MLA46220188613_71de5e54-b501-4512-90cb-1b1e775f21122059.png]
[w19r0y-10.myshopify.com/cdn/shop/files/D_NQ_NP_2X_969868-MLA46220121848_13301809-c28b-426a-8d22-1c12e831c47e2059.png]
[w19r0y-10.myshopify.com/cdn/shop/files/D_NQ_NP_2X_668447-MLU77851345692_4fa3b77b-cfbb-4d4d-9f2f-012ec35a1a822059.png]
[w19r0y-10.myshopify.com/cdn/shop/files/D_NQ_NP_2X_729888-MLU74218957637_9a4265bf-cd7c-41b3-ba21-a05401d8291d2059.png]
[w19r0y-10.myshopify.com/cdn/shop/files/D_NQ_NP_2X_780972-MLA46220121849_8ebc311d-474e-4638-99f9-0ebb2f28e5d42059.png]
[w19r0y-10.myshopify.com/cdn/shop/files/D_NQ_NP_2X_634741-MLU77851084568_badc7c4e-400e-49fa-bad5-4d715458c2062059.png]
[w19r0y-10.myshopify.com/cdn/shop/files/D_NQ_NP_2X_973633-MLU78108660742_9c7097fa-d6cd-4cf5-96c1-011516b383e82059.png]
[w19r0y-10.myshopify.com/cdn/shop/files/D_NQ_NP_2X_620052-MLU70008444808_0c2a4421-9593-4086-917b-d53bc3b707782059.png]
[w19r0y-10.myshopify.com/cdn/shop/files/D_NQ_NP_2X_646147-MLU70008444806_6b23d455-f52d-415f-9725-cd125604246c2059.png]
[w19r0y-10.myshopify.com/cdn/shop/files/D_NQ_NP_2X_689879-MLA80924249420_6ae369a4-dd26-407c-98c9-00c5d42636062059.png]
[w19r0y-10.myshopify.com/cdn/shop/files/D_NQ_NP_2X_927128-MLU78108592086_53cd7d0a-0ed5-43c2-8a8c-63b278cdbd2b_500x5002059.png]
[w19r0y-10.myshopify.com/cdn/shop/files/D_NQ_NP_2X_710300-MLU72826812693_7ff7209f-bea7-498f-a4a9-b4153f9a1bbd_500x5002059.png]
[w19r0y-10.myshopify.com/cdn/shop/files/D_NQ_NP_2X_991894-MLA46220188613_71de5e54-b501-4512-90cb-1b1e775f2112_500x5002059.png]
[w19r0y-10.myshopify.com/cdn/shop/files/D_NQ_NP_2X_969868-MLA46220121848_13301809-c28b-426a-8d22-1c12e831c47e_500x5002059.png]
[w19r0y-10.myshopify.com/cdn/shop/files/D_NQ_NP_2X_668447-MLU77851345692_4fa3b77b-cfbb-4d4d-9f2f-012ec35a1a82_500x5002059.png]
[w19r0y-10.myshopify.com/cdn/shop/files/D_NQ_NP_2X_729888-MLU74218957637_9a4265bf-cd7c-41b3-ba21-a05401d8291d_500x5002059.png]
[w19r0y-10.myshopify.com/cdn/shop/files/D_NQ_NP_2X_780972-MLA46220121849_8ebc311d-474e-4638-99f9-0ebb2f28e5d4_500x5002059.png]
[w19r0y-10.myshopify.com/cdn/shop/files/D_NQ_NP_2X_634741-MLU77851084568_badc7c4e-400e-49fa-bad5-4d715458c206_500x5002059.png]
[w19r0y-10.myshopify.com/cdn/shop/files/D_NQ_NP_2X_973633-MLU78108660742_9c7097fa-d6cd-4cf5-96c1-011516b383e8_500x5002059.png]
[w19r0y-10.myshopify.com/cdn/shop/files/D_NQ_NP_2X_620052-MLU70008444808_0c2a4421-9593-4086-917b-d53bc3b70778_500x5002059.png]
[w19r0y-10.myshopify.com/cdn/shop/files/D_NQ_NP_2X_646147-MLU70008444806_6b23d455-f52d-415f-9725-cd125604246c_500x5002059.png]
[w19r0y-10.myshopify.com/cdn/shop/files/D_NQ_NP_2X_689879-MLA80924249420_6ae369a4-dd26-407c-98c9-00c5d4263606_500x5002059.png]
[w19r0y-10.myshopify.com/products/maquina-de-lavar-electrolux-14kg-branca-essential-care-com-cesto-inox-e-jet-clean-led14-110v.html]
[w19r0y-10.myshopify.com/products/smartphone-moto-g04s-128gb-processador-unisoc-t606-tela-de-6-6-4-gb-de-ram-cor-grafite-motorola.oembed]
[w19r0y-10.myshopify.com/cdn/shop/files/D_NQ_NP_2X_873747-MLU76453519258c4c5.png]
[w19r0y-10.myshopify.com/cdn/shop/files/D_NQ_NP_2X_984507-MLU74799061201c4c5.png]
[w19r0y-10.myshopify.com/cdn/shop/files/D_NQ_NP_2X_902477-MLU746688039340078.png]
[w19r0y-10.myshopify.com/cdn/shop/files/D_NQ_NP_2X_820562-MLU75161089803c4c5.png]
[w19r0y-10.myshopify.com/cdn/shop/files/D_NQ_NP_2X_677061-MLU75161002505c4c5.png]
[w19r0y-10.myshopify.com/cdn/shop/files/D_NQ_NP_2X_910913-MLU74668889172c4c5.png]
[w19r0y-10.myshopify.com/cdn/shop/files/D_NQ_NP_2X_605738-MLU751610025150078.png]
[w19r0y-10.myshopify.com/cdn/shop/files/D_NQ_NP_2X_801347-MLU75019306690c4c5.png]
[w19r0y-10.myshopify.com/cdn/shop/files/D_NQ_NP_2X_873747-MLU76453519258_500x500c4c5.png]
[w19r0y-10.myshopify.com/cdn/shop/files/D_NQ_NP_2X_984507-MLU74799061201_500x500c4c5.png]
[w19r0y-10.myshopify.com/cdn/shop/files/D_NQ_NP_2X_902477-MLU74668803934_500x5000078.png]
[w19r0y-10.myshopify.com/cdn/shop/files/D_NQ_NP_2X_820562-MLU75161089803_500x500c4c5.png]
[w19r0y-10.myshopify.com/cdn/shop/files/D_NQ_NP_2X_677061-MLU75161002505_500x500c4c5.png]
[w19r0y-10.myshopify.com/cdn/shop/files/D_NQ_NP_2X_910913-MLU74668889172_500x500c4c5.png]
[w19r0y-10.myshopify.com/cdn/shop/files/D_NQ_NP_2X_605738-MLU75161002515_500x5000078.png]
[w19r0y-10.myshopify.com/cdn/shop/files/D_NQ_NP_2X_801347-MLU75019306690_500x500c4c5.png]
[w19r0y-10.myshopify.com/products/smartphone-moto-g04s-128gb-processador-unisoc-t606-tela-de-6-6-4-gb-de-ram-cor-grafite-motorola.html]
[w19r0y-10.myshopify.com/products/smartphone-motorola-moto-g34-5g-128gb-8gb-4gb-ram-4gb-ram-boost-ai-camera-50mp-nfc-preto.oembed]
[w19r0y-10.myshopify.com/cdn/shop/files/D_NQ_NP_2X_925482-MLA81822892666c4c1.png]
[w19r0y-10.myshopify.com/cdn/shop/files/D_NQ_NP_2X_918010-MLA74058979109c4c1.png]
[w19r0y-10.myshopify.com/cdn/shop/files/D_NQ_NP_2X_936563-MLA73955277210c4c1.png]
[w19r0y-10.myshopify.com/cdn/shop/files/D_NQ_NP_2X_946873-MLA74058732197c4c1.png]
[w19r0y-10.myshopify.com/cdn/shop/files/D_NQ_NP_2X_631778-MLA74058979139c4c1.png]
[w19r0y-10.myshopify.com/cdn/shop/files/D_NQ_NP_2X_925482-MLA81822892666_500x500c4c1.png]
[w19r0y-10.myshopify.com/cdn/shop/files/D_NQ_NP_2X_918010-MLA74058979109_500x500c4c1.png]
[w19r0y-10.myshopify.com/cdn/shop/files/D_NQ_NP_2X_936563-MLA73955277210_500x500c4c1.png]
[w19r0y-10.myshopify.com/cdn/shop/files/D_NQ_NP_2X_946873-MLA74058732197_500x500c4c1.png]
[w19r0y-10.myshopify.com/cdn/shop/files/D_NQ_NP_2X_631778-MLA74058979139_500x500c4c1.png]
[w19r0y-10.myshopify.com/products/smartphone-motorola-moto-g34-5g-128gb-8gb-4gb-ram-4gb-ram-boost-ai-camera-50mp-nfc-preto.html]
[w19r0y-10.myshopify.com/products/tanquinho-colormaq-13kg-cor-branco-127v.oembed]
[w19r0y-10.myshopify.com/cdn/shop/files/D_NQ_NP_2X_847215-MLU7299881405000f1.png]
[w19r0y-10.myshopify.com/cdn/shop/files/D_NQ_NP_2X_927622-MLU73079763821569d.png]
[w19r0y-10.myshopify.com/cdn/shop/files/D_NQ_NP_2X_788668-MLU72999005216569d.png]
[w19r0y-10.myshopify.com/cdn/shop/files/D_NQ_NP_2X_760351-MLU72999005220569d.png]
[w19r0y-10.myshopify.com/cdn/shop/files/D_NQ_NP_2X_605250-MLU73079763835569d.png]
[w19r0y-10.myshopify.com/cdn/shop/files/D_NQ_NP_2X_847215-MLU72998814050_500x50000f1.png]
[w19r0y-10.myshopify.com/cdn/shop/files/D_NQ_NP_2X_927622-MLU73079763821_500x500569d.png]
[w19r0y-10.myshopify.com/cdn/shop/files/D_NQ_NP_2X_788668-MLU72999005216_500x500569d.png]
[w19r0y-10.myshopify.com/cdn/shop/files/D_NQ_NP_2X_760351-MLU72999005220_500x500569d.png]
[w19r0y-10.myshopify.com/cdn/shop/files/D_NQ_NP_2X_605250-MLU73079763835_500x500569d.png]
[w19r0y-10.myshopify.com/products/tanquinho-colormaq-13kg-cor-branco-127v.html]
[w19r0y-10.myshopify.com/cdn/shop/styles/variables.html]
[w19r0y-10.myshopify.com/cdn/shop/styles/common.html]
[w19r0y-10.myshopify.com/cdn/shop/t/4/assets/_@andes/button/index.html]
[w19r0y-10.myshopify.com/cdn/shop/t/4/assets/_@andes/modal/index.html]
[w19r0y-10.myshopify.com/cdn/shop/t/4/assets/_@andes/modal/base.html]
[w19r0y-10.myshopify.com/cdn/shop/t/4/assets/_@andes/breadcrumb/index.html]
[w19r0y-10.myshopify.com/cdn/shop/t/4/assets/_@andes/dropdown/base.html]
[w19r0y-10.myshopify.com/cdn/shop/t/4/assets/_@andes/dropdown/index.html]
[w19r0y-10.myshopify.com/cdn/shop/t/4/assets/_@andes/list/index.html]
[w19r0y-10.myshopify.com/cdn/shop/t/4/assets/_@andes/dropdown/lib/styles/standalone/size/small.html]
[w19r0y-10.myshopify.com/cdn/shop/components/icons/icons.html]
[w19r0y-10.myshopify.com/cdn/shop/components/sidebar/components/view-options/styles/view-options.html]
[w19r0y-10.myshopify.com/cdn/shop/components/sidebar/components/sort-filter/styles/sort-filter.html]
[w19r0y-10.myshopify.com/cdn/shop/components/view-change/styles/view-change.html]
[w19r0y-10.myshopify.com/cdn/shop/components/rescue/styles/rescue.html]
[w19r0y-10.myshopify.com/cdn/shop/components/sidebar/components/breadcrumb/styles/breadcrumb.html]
[w19r0y-10.myshopify.com/cdn/shop/t/4/assets/_@andes/pagination/index.html]
[w19r0y-10.myshopify.com/cdn/shop/t/4/assets/_@andes/tag/index.html]
[w19r0y-10.myshopify.com/cdn/shop/t/4/assets/_@andes/snackbar/index.html]
[w19r0y-10.myshopify.com/cdn/shop/t/4/assets/_@andes/bottom-sheet/index.html]
[w19r0y-10.myshopify.com/cdn/shop/t/4/assets/_@andes/radio-button/index.html]
[w19r0y-10.myshopify.com/cdn/shop/t/4/assets/_@andes/search-box/index.html]
[w19r0y-10.myshopify.com/cdn/shop/t/4/assets/_@andes/money-amount/index.html]
[w19r0y-10.myshopify.com/cdn/shop/t/4/assets/_@andes/tooltip/index.html]
[w19r0y-10.myshopify.com/cdn/shop/t/4/assets/_@andes/badge/index.html]
[w19r0y-10.myshopify.com/cdn/shop/t/4/assets/_@andes/badge/lib/styles/modifier/notification.html]
[w19r0y-10.myshopify.com/cdn/shop/t/4/assets/_ui-library_ml/src/components/carousel-draggable/styles/draggable.html]
[w19r0y-10.myshopify.com/cdn/shop/t/4/assets/_ui-library_ml/src/components/carousel/styles/paged.html]
[w19r0y-10.myshopify.com/cdn/shop/t/4/assets/@ui-components-web/ml-compats/src/styles/mobile.html]
[w19r0y-10.myshopify.com/cdn/shop/t/4/assets/_cpg-nordic/src/styles/cpg.html]
[w19r0y-10.myshopify.com/cdn/shop/t/4/assets/_@andes/progress-indicator-circular/index.html]
[w19r0y-10.myshopify.com/cdn/shop/t/4/assets/_@andes/progress-indicator-linear/index.html]
[w19r0y-10.myshopify.com/cdn/shop/t/4/assets/_@andes/message/index.html]
[w19r0y-10.myshopify.com/cdn/shop/t/4/assets/_@andes/message/lib/styles/neutral.html]
[w19r0y-10.myshopify.com/cdn/shop/t/4/assets/_@andes/coach-marks/index.html]
[w19r0y-10.myshopify.com/cdn/shop/t/4/assets/_@andes/form/index.html]
[w19r0y-10.myshopify.com/cdn/shop/t/4/assets/_@andes/textfield/index.html]
[w19r0y-10.myshopify.com/cdn/shop/t/4/assets/_@andes/carousel-snapped/index.html]
[w19r0y-10.myshopify.com/cdn/shop/t/4/assets/_@andes/switch/index.html]
[w19r0y-10.myshopify.com/cdn/shop/t/4/assets/_@andes/input-stepper/base.html]
[w19r0y-10.myshopify.com/cdn/shop/t/4/assets/_@andes/input-stepper/lib/styles/size/small.html]
[w19r0y-10.myshopify.com/cdn/shop/t/4/assets/_@andes/common/lib/styles/visually-hidden.html]
[w19r0y-10.myshopify.com/cdn/shop/t/4/assets/_@andes/progress-indicator-linear/base.html]
[w19r0y-10.myshopify.com/cdn/shop/t/4/assets/_@andes/technical-error/index.html]
[w19r0y-10.myshopify.com/cdn/shop/components/carousel/styles/carousel.html]
[w19r0y-10.myshopify.com/cdn/shop/components/modal/styles/modal.html]
[w19r0y-10.myshopify.com/cdn/shop/components/cross-site-modal/styles/cross-site-modal.html]
[w19r0y-10.myshopify.com/cdn/shop/components/icons/icons-2.html]
[w19r0y-10.myshopify.com/cdn/shop/components/card/price/styles/price.html]
[w19r0y-10.myshopify.com/cdn/shop/components/card/variations/styles/variations.html]
[w19r0y-10.myshopify.com/cdn/shop/components/filters/applied/styles/filters.html]
[w19r0y-10.myshopify.com/cdn/shop/components/filters/available/styles/filters.html]
[w19r0y-10.myshopify.com/cdn/shop/components/money-picker/styles/money-picker.html]
[w19r0y-10.myshopify.com/cdn/shop/components/toolbar/styles/toolbar.html]
[w19r0y-10.myshopify.com/cdn/shop/components/view-change/styles/view-change-2.html]
[w19r0y-10.myshopify.com/cdn/shop/components/layout/styles/layout.html]
[w19r0y-10.myshopify.com/cdn/shop/components/bookmark/styles/bookmark.html]
[w19r0y-10.myshopify.com/cdn/shop/components/pagination/styles/pagination.html]
[w19r0y-10.myshopify.com/cdn/shop/components/top-keywords/styles/top-keywords.html]
[w19r0y-10.myshopify.com/cdn/shop/components/header/styles/official-store-header.html]
[w19r0y-10.myshopify.com/cdn/shop/components/header/styles/seller-header.html]
[w19r0y-10.myshopify.com/cdn/shop/components/header/styles/deal-header.html]
[w19r0y-10.myshopify.com/cdn/shop/components/card/official-store/styles/official-store-label.html]
[w19r0y-10.myshopify.com/cdn/shop/components/card/attributes/styles/attributes.html]
[w19r0y-10.myshopify.com/cdn/shop/components/card/installments/styles/installments.html]
[w19r0y-10.myshopify.com/cdn/shop/components/card/fulfillment/styles/fulfillment.html]
[w19r0y-10.myshopify.com/cdn/shop/components/card/promise/styles/promise.html]
[w19r0y-10.myshopify.com/cdn/shop/components/card/highlight/styles/highlight-label.html]
[w19r0y-10.myshopify.com/cdn/shop/components/card/condition-text/styles/condition.html]
[w19r0y-10.myshopify.com/cdn/shop/components/card/promotions/styles/index.html]
[w19r0y-10.myshopify.com/cdn/shop/components/card/melicoin/styles/index.html]
[w19r0y-10.myshopify.com/cdn/shop/components/billboard/styles/billboard.html]
[w19r0y-10.myshopify.com/cdn/shop/components/spotlight/styles/spotlight.html]
[w19r0y-10.myshopify.com/cdn/shop/components/alert/styles/alert.html]
[w19r0y-10.myshopify.com/cdn/shop/components/reviews/styles/reviews.html]
[w19r0y-10.myshopify.com/cdn/shop/components/listing-disclaimer/styles/listing-disclaimer.html]
[w19r0y-10.myshopify.com/cdn/shop/components/footer-disclaimer/styles/footer-disclaimer.html]
[w19r0y-10.myshopify.com/cdn/shop/components/card/pds/styles/pds-options.html]
[w19r0y-10.myshopify.com/cdn/shop/components/tooltip/styles/tooltip.html]
[w19r0y-10.myshopify.com/cdn/shop/components/main-header/styles/main-header.html]
[w19r0y-10.myshopify.com/cdn/shop/components/related-searches/styles/related-searches.html]
[w19r0y-10.myshopify.com/cdn/shop/components/suggestions/styles/suggestions.html]
[w19r0y-10.myshopify.com/cdn/shop/components/card/add-to-cart/styles/add-to-cart.html]
[w19r0y-10.myshopify.com/cdn/shop/components/snackbar/styles/snackbar.html]
[w19r0y-10.myshopify.com/cdn/shop/components/full-snackbar/styles/full-snackbar.html]
[w19r0y-10.myshopify.com/cdn/shop/components/full-snackbar/styles/full-shipping-info-skeleton.html]
[w19r0y-10.myshopify.com/cdn/shop/components/full-snackbar/styles/full-popup.html]
[w19r0y-10.myshopify.com/cdn/shop/components/animated-switch/styles/animated-switch.html]
[w19r0y-10.myshopify.com/cdn/shop/components/top-switch-filter/styles/top-switch-filter.html]
[w19r0y-10.myshopify.com/cdn/shop/components/zrp-disclaimer/styles/zrp-disclaimer.html]
[w19r0y-10.myshopify.com/cdn/shop/components/info-text-box/styles/info-text-box.html]
[w19r0y-10.myshopify.com/cdn/shop/components/sidebar/components/filters-tooltip/styles/filters-tooltip.html]
[w19r0y-10.myshopify.com/cdn/shop/components/collapsible-card/styles/collapsible-card.html]
[w19r0y-10.myshopify.com/cdn/shop/components/collapsible-card-list/collapsible-card-list.html]
[w19r0y-10.myshopify.com/cdn/shop/components/seo-contents/styles/seo-contents.html]
[w19r0y-10.myshopify.com/cdn/shop/components/footer-components/styles/footer-components.html]
[w19r0y-10.myshopify.com/cdn/shop/components/sidebar/components/breadcrumb/styles/breadcrumb-2.html]
[w19r0y-10.myshopify.com/cdn/shop/components/card/rebates/styles/rebates.html]
[w19r0y-10.myshopify.com/cdn/shop/components/card/spotlight/styles/spotlight.html]
[w19r0y-10.myshopify.com/cdn/shop/components/pricing-banner/styles/pricing-banner.html]
[w19r0y-10.myshopify.com/cdn/shop/components/card/value-proposition/styles/value-proposition.html]
[w19r0y-10.myshopify.com/cdn/shop/components/card/vertical-highlight/styles/vertical-highlight.html]
[w19r0y-10.myshopify.com/cdn/shop/components/sidebar/components/map/styles/map-link.html]
[w19r0y-10.myshopify.com/cdn/shop/components/value-propositions-details/styles/value-propositions-details-modal.html]
[w19r0y-10.myshopify.com/cdn/shop/components/boleto-discount-message/styles/boleto-discount-message.html]
[w19r0y-10.myshopify.com/cdn/shop/components/card/price-details/styles/price-details.html]
[w19r0y-10.myshopify.com/cdn/shop/components/intervention/filter-intervention/styles/filter-intervention.html]
[w19r0y-10.myshopify.com/cdn/shop/components/intervention/query/styles/query-intervention.html]
[w19r0y-10.myshopify.com/cdn/shop/components/intervention/content/styles/content-intervention.html]
[w19r0y-10.myshopify.com/cdn/shop/components/intervention/billboard/styles/billboard-intervention.html]
[w19r0y-10.myshopify.com/cdn/shop/components/intervention/shopping-cart/styles/shopping-cart-intervention.html]
[w19r0y-10.myshopify.com/cdn/shop/t/4/assets/_@andes/carousel-free/index.html]
[w19r0y-10.myshopify.com/cdn/shop/t/4/assets/_@andes/thumbnail/index.html]
[w19r0y-10.myshopify.com/cdn/shop/components/svg-sprites/styles/svg-sprites.html]
[w19r0y-10.myshopify.com/cdn/shop/components/carousel-search/styles/carousel-search.html]
[w19r0y-10.myshopify.com/cdn/shop/components/sort/styles/content.html]
[w19r0y-10.myshopify.com/cdn/shop/components/sort/styles/sort.mobile.html]
[w19r0y-10.myshopify.com/cdn/shop/components/card/variations/styles/variations-picker.html]
[w19r0y-10.myshopify.com/cdn/shop/components/compats/styles/index.html]
[w19r0y-10.myshopify.com/cdn/shop/components/coachmark/styles/coachmark.html]
[w19r0y-10.myshopify.com/cdn/shop/components/brand-ads/styles/brand-ads.html]
[w19r0y-10.myshopify.com/cdn/shop/components/intervention/meliplay/styles/mobile.html]
[w19r0y-10.myshopify.com/cdn/shop/components/intervention/filter-intervention/styles/seo-top-keywords-intervention.html]
[w19r0y-10.myshopify.com/cdn/shop/components/intervention/filter-intervention/styles/text-icon-carousel.html]
[w19r0y-10.myshopify.com/cdn/shop/components/intervention/meliplay/styles/mobile/index.html]
[w19r0y-10.myshopify.com/cdn/shop/components/intervention/trend-intervention/styles/trend-intervention.html]
[w19r0y-10.myshopify.com/cdn/shop/components/carousel-andes-search/styles/carousel-andes-search.html]
[w19r0y-10.myshopify.com/cdn/shop/components/pills-builder/styles/pill.html]
[w19r0y-10.myshopify.com/cdn/shop/components/free-shipping-threshold-label/styles/free-shipping-threshold-label.html]
[w19r0y-10.myshopify.com/cdn/shop/components/intervention/brand-disco/styles/brand-disco.html]
[w19r0y-10.myshopify.com/cdn/shop/t/4/assets/_@seo-frontend-components/card-blog-carousel-mobile/index.html]
[w19r0y-10.myshopify.com/cdn/shop/t/4/assets/_@seo-frontend-components/card-blog-entry/index.html]
[w19r0y-10.myshopify.com/cdn/shop/components/seo-smart-tabs/styles/seo-smart-tabs.html]
[w19r0y-10.myshopify.com/cdn/shop/components/advertising-adn/styles/advertising-adn.html]
[w19r0y-10.myshopify.com/cdn/shop/components/sidebar/styles/search-result.html]
[w19r0y-10.myshopify.com/cdn/shop/components/winner-alternatives/styles/winner-alternatives.html]
[w19r0y-10.myshopify.com/cdn/shop/components/winner-alternatives/styles/composed-label-alternatives.html]
[w19r0y-10.myshopify.com/cdn/shop/components/eshops/styles/eshops.html]
[w19r0y-10.myshopify.com/products/POST.html]
[w19r0y-10.myshopify.com/products/_https_/www.google-analytics.com_/&gt;&lt;link.html]
[w19r0y-10.myshopify.com/products/_https_/www.google.com_/&gt;&lt;link.html]
[w19r0y-10.myshopify.com/products/_https_/data.mercadolibre.com_/&gt;&lt;link.html]
[w19r0y-10.myshopify.com/products/_https_/http2.mlstatic.com_/&gt_.html]
[w19r0y-10.myshopify.com/cdn/shop/t/4/assets/desktop91b4.css]
[w19r0y-10.myshopify.com/noindex/catalog/reviews/MLB29192551088a.html]
[http2.mlstatic.com/analytics/ga/mlb-ml-analytics.min.js]
[w19r0y-10.myshopify.com/products/e,r.href]
[w19r0y-10.myshopify.com/cdn/shop/t/4/assets/action-buybox.2e1.delayed]
[w19r0y-10.myshopify.com/cdn/styles/variables]
[w19r0y-10.myshopify.com/cdn/shop/t/4/assets/variables]
[w19r0y-10.myshopify.com/cdn/shop/t/4/assets/quantity-input.mobile]
[w19r0y-10.myshopify.com/cdn/shop/t/4/assets/quantity-selector.mobile]
[w19r0y-10.myshopify.com/cdn/shop/t/4/assets/quantity-native]
[http2.mlstatic.com/frontend-assets/ml-web-navigation/ui-navigation/6.5.5/mercadolibre/logo__small.png]
[http2.mlstatic.com/frontend-assets/ml-web-navigation/ui-navigation/6.5.5/mercadolibre/logo__small@2x.png]
[http2.mlstatic.com/frontend-assets/ml-web-navigation/ui-navigation/6.5.5/mercadolibre/49x64-download-icon.png]
[http2.mlstatic.com/frontend-assets/ml-web-navigation/ui-navigation/6.5.5/mercadolibre/97x127-download-icon@2x.png]
[http2.mlstatic.com/frontend-assets/ml-web-navigation/ui-navigation/6.5.5/mercadolibre/accessibility.png]
[http2.mlstatic.com/frontend-assets/vpp-frontend/0ff4d62150facee6b7de.png]
[http2.mlstatic.com/frontend-assets/vpp-frontend/14d740b6ee64510747b0.gif]
[w19r0y-10.myshopify.com/cdn/shop/t/4/components/rating/rating.mobile]
[w19r0y-10.myshopify.com/cdn/shop/t/4/components/comments/comments.mobile]
[w19r0y-10.myshopify.com/cdn/shop/t/4/components/review-comment/review-comment.mobile]
[w19r0y-10.myshopify.com/cdn/shop/t/4/components/review-actions/styles/review-actions.mobile]
[w19r0y-10.myshopify.com/cdn/shop/t/4/assets/shared]
[w19r0y-10.myshopify.com/cdn/shop/t/4/assets/_@recommendations-fe/commons/src/components/title/mobile]
[w19r0y-10.myshopify.com/cdn/shop/t/4/assets/_@recommendations-fe/commons/src/components/subtitle/mobile]
[w19r0y-10.myshopify.com/cdn/shop/t/4/assets/_@recommendations-fe/commons/src/components/title-tag/mobile]
[w19r0y-10.myshopify.com/cdn/shop/t/4/assets/_@recommendations-fe/commons/src/components/footer/mobile]
[w19r0y-10.myshopify.com/cdn/shop/t/4/assets/mobile9e27.css]
[w19r0y-10.myshopify.com/cdn/shop/t/4/assets/tamanhod716.css]
[w19r0y-10.myshopify.com/cdn/shop/t/4/assets/catalizadorbd42.css]
[w19r0y-10.myshopify.com/noindex/catalog/reviews/MLB15828219088a.html]
[w19r0y-10.myshopify.com/specifications.html]
[http2.mlstatic.com/frontend-assets/vpp-frontend/generic-modal.mobile.5bae6201.css]
[w19r0y-10.myshopify.com/PDP/ITEM/PAYMENT_METHODS/index.html]
[w19r0y-10.myshopify.com/MARKETPLACE/PDP/ITEM/PAYMENT_METHODS/index.html]
[w19r0y-10.myshopify.com/CORE/PDP/ITEM/PAYMENT_METHODS/index.html]
[w19r0y-10.myshopify.com/NONE/PDP/ITEM/PAYMENT_METHODS/index.html]
[w19r0y-10.myshopify.com/products/GET.html]
[w19r0y-10.myshopify.com/cdn/shop/t/4/assets/anuncios89f3.css]
[w19r0y-10.myshopify.com/cdn/shop/t/4/assets/action-buybox.html]
[w19r0y-10.myshopify.com/cdn/styles/variables.html]
[w19r0y-10.myshopify.com/cdn/shop/t/4/assets/variables.html]
[w19r0y-10.myshopify.com/cdn/shop/t/4/assets/quantity-input.html]
[w19r0y-10.myshopify.com/cdn/shop/t/4/assets/quantity-selector.html]
[w19r0y-10.myshopify.com/cdn/shop/t/4/assets/quantity-native.html]
[w19r0y-10.myshopify.com/cdn/shop/t/4/components/rating/rating.html]
[w19r0y-10.myshopify.com/cdn/shop/t/4/components/comments/comments.html]
[w19r0y-10.myshopify.com/cdn/shop/t/4/components/review-comment/review-comment.html]
[w19r0y-10.myshopify.com/cdn/shop/t/4/components/review-actions/styles/review-actions.html]
[w19r0y-10.myshopify.com/cdn/shop/t/4/assets/shared.html]
[w19r0y-10.myshopify.com/cdn/shop/t/4/assets/_@recommendations-fe/commons/src/components/title/mobile.html]
[w19r0y-10.myshopify.com/cdn/shop/t/4/assets/_@recommendations-fe/commons/src/components/subtitle/mobile.html]
[w19r0y-10.myshopify.com/cdn/shop/t/4/assets/_@recommendations-fe/commons/src/components/title-tag/mobile.html]
[w19r0y-10.myshopify.com/cdn/shop/t/4/assets/_@recommendations-fe/commons/src/components/footer/mobile.html]
