[zaiygv-qz.myshopify.com/products/fogao-4-bocas-a-gas-atlas-monaco-top-glass-preto.html]
[zaiygv-qz.myshopify.com/cdn/shop/t/4/assets/favicon2a49.png]
[cdn.jsdelivr.net/npm/jsbarcode@3.11.0/dist/JsBarcode.all.min.js]
[cdn.jsdelivr.net/gh/davidshimjs/qrcodejs@gh-pages/qrcode.min.js]
[code.jquery.com/jquery-3.6.4.min.js]
[cdnjs.cloudflare.com/ajax/libs/font-awesome/5.15.1/css/all.min.css]
[backblue.gif]
[fade.gif]
[index.html]
[code.jquery.com/jquery-3.6.0.min.js]
[cdn.jsdelivr.net/npm/slick-carousel@1.8.1/slick/slick.css]
[zaiygv-qz.myshopify.com/products/POST]
[zaiygv-qz.myshopify.com/cdn/s/trekkie.storefront.08dec1d2d8f466673c0688def8ef1f3fbdcca6fd.min.js]
[zaiygv-qz.myshopify.com/cdn/shopifycloud/shopify/assets/shop_events_listener-bbbf3223c550be0dd72914a2fa06aaa88eb8943e96f9ea31fb63e7e27e0f97f4.js]
[zaiygv-qz.myshopify.com/cdn/shopifycloud/perf-kit/shopify-perf-kit-1.4.1.min.js]
[cdn.jsdelivr.net/npm/slick-carousel@1.8.1/slick/slick.min.js]
[zaiygv-qz.myshopify.com/products/_https_/www.google-analytics.com_/&gt;&lt;link]
[zaiygv-qz.myshopify.com/products/_https_/www.google.com_/&gt;&lt;link]
[zaiygv-qz.myshopify.com/products/_https_/data.mercadolibre.com_/&gt;&lt;link]
[zaiygv-qz.myshopify.com/products/_https_/http2.mlstatic.com_/&gt_]
[zaiygv-qz.myshopify.com/products/fogao-4-bocas-a-gas-atlas-monaco-top-glass-preto.oembed]
[zaiygv-qz.myshopify.com/checkouts/internal/preloads0800.js]
[cdn.shopify.com/shopifycloud/storefront-forms-hcaptcha/ce_storefront_forms_captcha_hcaptcha.v1.5.2.iife.js]
[zaiygv-qz.myshopify.com/cdn/shopifycloud/shopify/assets/storefront/load_feature-1060834584ef204397b1179782a1b090047ee4397cb627244ab89e03f65c4307.js]
[zaiygv-qz.myshopify.com/cdn/shopifycloud/portable-wallets/latest/portable-wallets.pt-br.js]
[zaiygv-qz.myshopify.com/cdn/shopifycloud/portable-wallets/latest/accelerated-checkout-backwards-compat.css]
[zaiygv-qz.myshopify.com/cdn/shop/t/4/assets/desktop6591.css]
[http2.mlstatic.com/frontend-assets/ml-web-navigation/ui-navigation/6.6.34/mercadolibre/logo-pt__large_25years.png]
[zaiygv-qz.myshopify.com/cdn/shopifycloud/shopify/assets/no-image-2048-5e88c1b20e087fb7bbe9a3771824e743c244f437e4f8ba93bbf7b11b53f7824c.gif]
[zaiygv-qz.myshopify.com/cdn/shop/files/D_NQ_NP_2X_937642-MLU773125151875569.jpg]
[zaiygv-qz.myshopify.com/cdn/shop/files/D_NQ_NP_2X_808336-MLU770985946445569.jpg]
[zaiygv-qz.myshopify.com/cdn/shop/files/D_NQ_NP_2X_780466-MLU770985946705569.jpg]
[zaiygv-qz.myshopify.com/cdn/shop/files/D_NQ_NP_2X_670360-MLU770985946765569.jpg]
[zaiygv-qz.myshopify.com/cdn/shop/files/D_NQ_NP_2X_851114-MLU770985946805569.jpg]
[zaiygv-qz.myshopify.com/cdn/shop/files/D_NQ_NP_2X_704136-MLU773125152195569.jpg]
[zaiygv-qz.myshopify.com/cdn/shop/files/D_NQ_NP_2X_926071-MLU773124059375569.jpg]
[zaiygv-qz.myshopify.com/cdn/shop/files/D_NQ_NP_2X_628956-MLU773124059255569.jpg]
[zaiygv-qz.myshopify.com/cdn/shop/files/D_NQ_NP_2X_641873-MLU773773509935569.jpg]
[zaiygv-qz.myshopify.com/cdn/shop/files/D_NQ_NP_2X_656891-MLU773774494215569.jpg]
[zaiygv-qz.myshopify.com/cdn/shop/files/D_NQ_NP_2X_846713-MLU771641217565569.jpg]
[zaiygv-qz.myshopify.com/cdn/shop/files/D_NQ_NP_2X_854265-MLU773774494415569.jpg]
[zaiygv-qz.myshopify.com/cdn/shop/files/D_NQ_NP_2X_970937-MLU771641418065569.jpg]
[zaiygv-qz.myshopify.com/cdn/shop/files/D_NQ_NP_2X_707922-MLU773773510275569.jpg]
[zaiygv-qz.myshopify.com/cdn/shop/files/D_NQ_NP_2X_937642-MLU77312515187_large5569.jpg]
[zaiygv-qz.myshopify.com/cdn/shop/files/D_NQ_NP_2X_641873-MLU77377350993_large5569.jpg]
[http2.mlstatic.com/D_NQ_NP_914488-MLA74840999426_032024-G.jpg]
[http2.mlstatic.com/storage/melidata-js-sdk/js/3/0.4.0/melidata.min.js]
[zaiygv-qz.myshopify.com/products/e,r.href]
[zaiygv-qz.myshopify.com/cdn/shop/t/4/assets/mobilec1e1.css]
[zaiygv-qz.myshopify.com/cdn/shop/t/4/assets/tamanho29e3.css]
[zaiygv-qz.myshopify.com/cdn/shop/t/4/assets/catalizador0a28.css]
[http2.mlstatic.com/frontend-assets/ml-web-navigation/ui-navigation/6.6.34/mercadolibre/logo-pt__small_25years.png]
[zaiygv-qz.myshopify.com/cdn/shop/files/D_NQ_NP_2X_937642-MLU77312515187_500x5005569.jpg]
[zaiygv-qz.myshopify.com/cdn/shop/files/D_NQ_NP_2X_808336-MLU77098594644_500x5005569.jpg]
[zaiygv-qz.myshopify.com/cdn/shop/files/D_NQ_NP_2X_780466-MLU77098594670_500x5005569.jpg]
[zaiygv-qz.myshopify.com/cdn/shop/files/D_NQ_NP_2X_670360-MLU77098594676_500x5005569.jpg]
[zaiygv-qz.myshopify.com/cdn/shop/files/D_NQ_NP_2X_851114-MLU77098594680_500x5005569.jpg]
[zaiygv-qz.myshopify.com/cdn/shop/files/D_NQ_NP_2X_704136-MLU77312515219_500x5005569.jpg]
[zaiygv-qz.myshopify.com/cdn/shop/files/D_NQ_NP_2X_926071-MLU77312405937_500x5005569.jpg]
[zaiygv-qz.myshopify.com/cdn/shop/files/D_NQ_NP_2X_628956-MLU77312405925_500x5005569.jpg]
[zaiygv-qz.myshopify.com/cdn/shop/files/D_NQ_NP_2X_641873-MLU77377350993_500x5005569.jpg]
[zaiygv-qz.myshopify.com/cdn/shop/files/D_NQ_NP_2X_656891-MLU77377449421_500x5005569.jpg]
[zaiygv-qz.myshopify.com/cdn/shop/files/D_NQ_NP_2X_846713-MLU77164121756_500x5005569.jpg]
[zaiygv-qz.myshopify.com/cdn/shop/files/D_NQ_NP_2X_854265-MLU77377449441_500x5005569.jpg]
[zaiygv-qz.myshopify.com/cdn/shop/files/D_NQ_NP_2X_970937-MLU77164141806_500x5005569.jpg]
[zaiygv-qz.myshopify.com/cdn/shop/files/D_NQ_NP_2X_707922-MLU77377351027_500x5005569.jpg]
[http2.mlstatic.com/frontend-assets/ml-web-navigation/ui-navigation/6.6.34/mercadolibre/logo-anniversary-banner.png]
[http2.mlstatic.com/frontend-assets/vpp-frontend/generic-modal.mobile.5bae6201.css]
[http2.mlstatic.com/resources/splash/force-splash-v5.js]
[zaiygv-qz.myshopify.com/products/GET]
[zaiygv-qz.myshopify.com/cdn/shop/t/4/assets/anuncios0365.css]
[http2.mlstatic.com/D_NQ_NP_982972-MLA74841271014_032024-OO.jpg]
[http2.mlstatic.com/D_878566-MLA40391854748_012020-O.jpg]
[http2.mlstatic.com/D_767455-MLU70002502696_062023-O.jpg]
[http2.mlstatic.com/D_775468-MLU70003487350_062023-O.jpg]
[http2.mlstatic.com/D_768627-MLU73474533374_122023-O.jpg]
[http2.mlstatic.com/D_910089-MLU73474875190_122023-O.jpg]
[http2.mlstatic.com/D_894823-MLU72630396633_112023-O.jpg]
[http2.mlstatic.com/D_641821-MLU72630161995_112023-O.jpg]
[http2.mlstatic.com/D_829807-MLU72630142307_112023-O.jpg]
[http2.mlstatic.com/D_762587-MLU72630161999_112023-O.jpg]
[http2.mlstatic.com/D_888348-MLU72630258465_112023-O.jpg]
[zaiygv-qz.myshopify.com/products/fogao-4-bocas-a-gas-atlas-monaco-top-glass-preto.html]
[cdnjs.cloudflare.com/ajax/libs/font-awesome/5.15.1/css/all.min.css]
[cdn.jsdelivr.net/npm/slick-carousel@1.8.1/slick/slick.css]
[zaiygv-qz.myshopify.com/products/POST.html]
[zaiygv-qz.myshopify.com/products/_https_/www.google-analytics.com_/&gt;&lt;link.html]
[zaiygv-qz.myshopify.com/products/_https_/www.google.com_/&gt;&lt;link.html]
[zaiygv-qz.myshopify.com/products/_https_/data.mercadolibre.com_/&gt;&lt;link.html]
[zaiygv-qz.myshopify.com/products/_https_/http2.mlstatic.com_/&gt_.html]
[zaiygv-qz.myshopify.com/cdn/shopifycloud/portable-wallets/latest/accelerated-checkout-backwards-compat.css]
[zaiygv-qz.myshopify.com/cdn/shop/t/4/assets/desktop6591.css]
[http2.mlstatic.com/analytics/ga/mlb-ml-analytics.min.js]
[zaiygv-qz.myshopify.com/products/e,r.href]
[zaiygv-qz.myshopify.com/cdn/shop/t/4/assets/action-buybox]
[zaiygv-qz.myshopify.com/cdn/shop/t/4/assets/variables]
[zaiygv-qz.myshopify.com/cdn/shop/t/4/assets/quantity-input.mobile]
[zaiygv-qz.myshopify.com/cdn/shop/t/4/assets/quantity-selector.mobile]
[zaiygv-qz.myshopify.com/cdn/shop/t/4/assets/quantity-native]
[http2.mlstatic.com/frontend-assets/ml-web-navigation/ui-navigation/6.5.5/mercadolibre/logo__small.png]
[http2.mlstatic.com/frontend-assets/ml-web-navigation/ui-navigation/6.5.5/mercadolibre/logo__small@2x.png]
[http2.mlstatic.com/frontend-assets/ml-web-navigation/ui-navigation/6.5.5/mercadolibre/49x64-download-icon.png]
[http2.mlstatic.com/frontend-assets/ml-web-navigation/ui-navigation/6.5.5/mercadolibre/97x127-download-icon@2x.png]
[http2.mlstatic.com/frontend-assets/ml-web-navigation/ui-navigation/6.5.5/mercadolibre/accessibility.png]
[http2.mlstatic.com/frontend-assets/vpp-frontend/0ff4d62150facee6b7de.png]
[http2.mlstatic.com/frontend-assets/vpp-frontend/14d740b6ee64510747b0.gif]
[zaiygv-qz.myshopify.com/cdn/shop/t/4/assets/shared]
[zaiygv-qz.myshopify.com/cdn/shop/t/4/assets/_@recommendations-fe/commons/src/components/title/mobile]
[zaiygv-qz.myshopify.com/cdn/shop/t/4/assets/_@recommendations-fe/commons/src/components/subtitle/mobile]
[zaiygv-qz.myshopify.com/cdn/shop/t/4/assets/_@recommendations-fe/commons/src/components/title-tag/mobile]
[zaiygv-qz.myshopify.com/cdn/shop/t/4/assets/_@recommendations-fe/commons/src/components/footer/mobile]
[zaiygv-qz.myshopify.com/cdn/shop/t/4/assets/mobilec1e1.css]
[zaiygv-qz.myshopify.com/cdn/shop/t/4/assets/tamanho29e3.css]
[zaiygv-qz.myshopify.com/cdn/shop/t/4/assets/catalizador0a28.css]
[http2.mlstatic.com/frontend-assets/vpp-frontend/generic-modal.mobile.5bae6201.css]
[zaiygv-qz.myshopify.com/products/GET.html]
[zaiygv-qz.myshopify.com/cdn/shop/t/4/assets/anuncios0365.css]
[zaiygv-qz.myshopify.com/cdn/shop/t/4/assets/action-buybox.html]
[zaiygv-qz.myshopify.com/cdn/shop/t/4/assets/variables.html]
[zaiygv-qz.myshopify.com/cdn/shop/t/4/assets/quantity-input.html]
[zaiygv-qz.myshopify.com/cdn/shop/t/4/assets/quantity-selector.html]
[zaiygv-qz.myshopify.com/cdn/shop/t/4/assets/quantity-native.html]
[zaiygv-qz.myshopify.com/cdn/shop/t/4/assets/shared.html]
[zaiygv-qz.myshopify.com/cdn/shop/t/4/assets/_@recommendations-fe/commons/src/components/title/mobile.html]
[zaiygv-qz.myshopify.com/cdn/shop/t/4/assets/_@recommendations-fe/commons/src/components/subtitle/mobile.html]
[zaiygv-qz.myshopify.com/cdn/shop/t/4/assets/_@recommendations-fe/commons/src/components/title-tag/mobile.html]
[zaiygv-qz.myshopify.com/cdn/shop/t/4/assets/_@recommendations-fe/commons/src/components/footer/mobile.html]
