[zaiygv-qz.myshopify.com/products/geladeira-frost-free-duplex-386-litros-branca-consul-cor-branco-110v.html]
[zaiygv-qz.myshopify.com/cdn/shop/t/4/assets/favicon2a49.png]
[cdn.jsdelivr.net/npm/jsbarcode@3.11.0/dist/JsBarcode.all.min.js]
[cdn.jsdelivr.net/gh/davidshimjs/qrcodejs@gh-pages/qrcode.min.js]
[code.jquery.com/jquery-3.6.4.min.js]
[cdnjs.cloudflare.com/ajax/libs/font-awesome/5.15.1/css/all.min.css]
[backblue.gif]
[fade.gif]
[index.html]
[code.jquery.com/jquery-3.6.0.min.js]
[cdn.jsdelivr.net/npm/slick-carousel@1.8.1/slick/slick.css]
[zaiygv-qz.myshopify.com/products/POST]
[zaiygv-qz.myshopify.com/cdn/s/trekkie.storefront.68728afc2577e1593a48001edcb560128ef43fd2.min.js]
[zaiygv-qz.myshopify.com/cdn/shopifycloud/shopify/assets/shop_events_listener-bbbf3223c550be0dd72914a2fa06aaa88eb8943e96f9ea31fb63e7e27e0f97f4.js]
[zaiygv-qz.myshopify.com/cdn/shopifycloud/perf-kit/shopify-perf-kit-1.4.0.min.js]
[cdn.jsdelivr.net/npm/slick-carousel@1.8.1/slick/slick.min.js]
[zaiygv-qz.myshopify.com/products/_https_/www.google-analytics.com_/&gt;&lt;link]
[zaiygv-qz.myshopify.com/products/_https_/www.google.com_/&gt;&lt;link]
[zaiygv-qz.myshopify.com/products/_https_/data.mercadolibre.com_/&gt;&lt;link]
[zaiygv-qz.myshopify.com/products/_https_/http2.mlstatic.com_/&gt_]
[zaiygv-qz.myshopify.com/products/geladeira-frost-free-duplex-386-litros-branca-consul-cor-branco-110v.oembed]
[zaiygv-qz.myshopify.com/checkouts/internal/preloads0800.js]
[cdn.shopify.com/shopifycloud/storefront-forms-hcaptcha/ce_storefront_forms_captcha_hcaptcha.v1.5.2.iife.js]
[zaiygv-qz.myshopify.com/cdn/shopifycloud/shopify/assets/storefront/load_feature-1060834584ef204397b1179782a1b090047ee4397cb627244ab89e03f65c4307.js]
[zaiygv-qz.myshopify.com/cdn/shopifycloud/portable-wallets/latest/portable-wallets.pt-br.js]
[zaiygv-qz.myshopify.com/cdn/shopifycloud/portable-wallets/latest/accelerated-checkout-backwards-compat.css]
[zaiygv-qz.myshopify.com/cdn/shop/t/4/assets/desktop6591.css]
[http2.mlstatic.com/frontend-assets/ml-web-navigation/ui-navigation/6.6.34/mercadolibre/logo-pt__large_25years.png]
[zaiygv-qz.myshopify.com/cdn/shopifycloud/shopify/assets/no-image-2048-5e88c1b20e087fb7bbe9a3771824e743c244f437e4f8ba93bbf7b11b53f7824c.gif]
[zaiygv-qz.myshopify.com/cdn/shop/files/D_NQ_NP_2X_713421-MLU7597986242945da.jpg]
[zaiygv-qz.myshopify.com/cdn/shop/files/D_NQ_NP_2X_746971-MLU7580911442045da.jpg]
[zaiygv-qz.myshopify.com/cdn/shop/files/D_NQ_NP_2X_755008-MLU7482255690445da.jpg]
[zaiygv-qz.myshopify.com/cdn/shop/files/D_NQ_NP_2X_896983-MLU7597986243545da.jpg]
[zaiygv-qz.myshopify.com/cdn/shop/files/D_NQ_NP_2X_830141-MLU7267520971645da.jpg]
[zaiygv-qz.myshopify.com/cdn/shop/files/D_NQ_NP_2X_870249-MLU7655236473945da.jpg]
[zaiygv-qz.myshopify.com/cdn/shop/files/D_NQ_NP_2X_661605-MLU7274827452745da.jpg]
[zaiygv-qz.myshopify.com/cdn/shop/files/D_NQ_NP_2X_640660-MLU7267521757045da.jpg]
[zaiygv-qz.myshopify.com/cdn/shop/files/D_NQ_NP_2X_778983-MLB5210688780145da.jpg]
[http2.mlstatic.com/D_NQ_NP_914488-MLA74840999426_032024-G.jpg]
[zaiygv-qz.myshopify.com/cdn/shop/files/D_NQ_NP_2X_713421-MLU75979862429_large45da.jpg]
[zaiygv-qz.myshopify.com/cdn/shop/files/D_NQ_NP_2X_616967-MLU77145137410_large0190.jpg]
[zaiygv-qz.myshopify.com/products/geladeira-frost-free-panasonic-aco-escovado-220v.html]
[zaiygv-qz.myshopify.com/cdn/shop/files/D_NQ_NP_2X_841523-MLA74781246473_large5b90.jpg]
[http2.mlstatic.com/storage/melidata-js-sdk/js/3/0.4.0/melidata.min.js]
[zaiygv-qz.myshopify.com/products/geladeira-panasonic-frost-free-480l-a-black-glass-nr-b-cor-preto-127v.html]
[zaiygv-qz.myshopify.com/products/e,r.href]
[zaiygv-qz.myshopify.com/cdn/shop/t/4/assets/mobilec1e1.css]
[zaiygv-qz.myshopify.com/cdn/shop/t/4/assets/tamanho29e3.css]
[zaiygv-qz.myshopify.com/cdn/shop/t/4/assets/catalizador0a28.css]
[http2.mlstatic.com/frontend-assets/ml-web-navigation/ui-navigation/6.6.34/mercadolibre/logo-pt__small_25years.png]
[zaiygv-qz.myshopify.com/cdn/shop/files/D_NQ_NP_2X_713421-MLU75979862429_500x50045da.jpg]
[zaiygv-qz.myshopify.com/cdn/shop/files/D_NQ_NP_2X_746971-MLU75809114420_500x50045da.jpg]
[zaiygv-qz.myshopify.com/cdn/shop/files/D_NQ_NP_2X_755008-MLU74822556904_500x50045da.jpg]
[zaiygv-qz.myshopify.com/cdn/shop/files/D_NQ_NP_2X_896983-MLU75979862435_500x50045da.jpg]
[zaiygv-qz.myshopify.com/cdn/shop/files/D_NQ_NP_2X_830141-MLU72675209716_500x50045da.jpg]
[zaiygv-qz.myshopify.com/cdn/shop/files/D_NQ_NP_2X_870249-MLU76552364739_500x50045da.jpg]
[zaiygv-qz.myshopify.com/cdn/shop/files/D_NQ_NP_2X_661605-MLU72748274527_500x50045da.jpg]
[zaiygv-qz.myshopify.com/cdn/shop/files/D_NQ_NP_2X_640660-MLU72675217570_500x50045da.jpg]
[zaiygv-qz.myshopify.com/cdn/shop/files/D_NQ_NP_2X_778983-MLB52106887801_500x50045da.jpg]
[http2.mlstatic.com/frontend-assets/ml-web-navigation/ui-navigation/6.6.34/mercadolibre/logo-anniversary-banner.png]
[http2.mlstatic.com/frontend-assets/vpp-frontend/generic-modal.mobile.5bae6201.css]
[http2.mlstatic.com/resources/splash/force-splash-v5.js]
[zaiygv-qz.myshopify.com/products/GET]
[zaiygv-qz.myshopify.com/cdn/shop/t/4/assets/anuncios0365.css]
[http2.mlstatic.com/D_NQ_NP_982972-MLA74841271014_032024-OO.jpg]
[zaiygv-qz.myshopify.com/cdn/shop/files/D_NQ_NP_2X_745473-MLU77356230533_large4fc1.jpg]
[http2.mlstatic.com/D_878566-MLA40391854748_012020-O.jpg]
[http2.mlstatic.com/D_767455-MLU70002502696_062023-O.jpg]
[http2.mlstatic.com/D_775468-MLU70003487350_062023-O.jpg]
[http2.mlstatic.com/D_768627-MLU73474533374_122023-O.jpg]
[http2.mlstatic.com/D_910089-MLU73474875190_122023-O.jpg]
[http2.mlstatic.com/D_894823-MLU72630396633_112023-O.jpg]
[http2.mlstatic.com/D_641821-MLU72630161995_112023-O.jpg]
[http2.mlstatic.com/D_829807-MLU72630142307_112023-O.jpg]
[http2.mlstatic.com/D_762587-MLU72630161999_112023-O.jpg]
[http2.mlstatic.com/D_888348-MLU72630258465_112023-O.jpg]
[zaiygv-qz.myshopify.com/products/fogao-5-bocas-a-gas-dako-supreme-glass-preto-mesa-de-vidro-bivolt-127v-220v.html]
[zaiygv-qz.myshopify.com/cdn/shop/files/D_NQ_NP_2X_925599-MLU72748462523_large8e67.jpg]
[zaiygv-qz.myshopify.com/products/fritadeira-eletrica-airfryer-oven-sem-oleo-electrolux-12-0l-digital-grafite-1700w-eaf90-experience-por-rita-lobo-110v.html]
[zaiygv-qz.myshopify.com/cdn/shop/files/D_NQ_NP_2X_920283-MLA79608874652_large6cca.jpg]
[zaiygv-qz.myshopify.com/products/geladeira-frost-free-duplex-386-litros-branca-consul-cor-branco-110v.html]
[cdnjs.cloudflare.com/ajax/libs/font-awesome/5.15.1/css/all.min.css]
[cdn.jsdelivr.net/npm/slick-carousel@1.8.1/slick/slick.css]
[zaiygv-qz.myshopify.com/products/POST.html]
[zaiygv-qz.myshopify.com/products/_https_/www.google-analytics.com_/&gt;&lt;link.html]
[zaiygv-qz.myshopify.com/products/_https_/www.google.com_/&gt;&lt;link.html]
[zaiygv-qz.myshopify.com/products/_https_/data.mercadolibre.com_/&gt;&lt;link.html]
[zaiygv-qz.myshopify.com/products/_https_/http2.mlstatic.com_/&gt_.html]
[zaiygv-qz.myshopify.com/cdn/shopifycloud/portable-wallets/latest/accelerated-checkout-backwards-compat.css]
[zaiygv-qz.myshopify.com/cdn/shop/t/4/assets/desktop6591.css]
[zaiygv-qz.myshopify.com/products/philips-walita-serie-3000-airfryers-hd9202-cor-preto-1400w.html]
[zaiygv-qz.myshopify.com/products/geladeira-frost-free-panasonic-aco-escovado-220v.oembed]
[zaiygv-qz.myshopify.com/cdn/shop/files/D_NQ_NP_2X_616967-MLU771451374100190.jpg]
[zaiygv-qz.myshopify.com/cdn/shop/files/D_NQ_NP_2X_765346-MLU773579544010190.jpg]
[zaiygv-qz.myshopify.com/cdn/shop/files/D_NQ_NP_2X_923122-MLU773580794950190.jpg]
[zaiygv-qz.myshopify.com/cdn/shop/files/D_NQ_NP_2X_612371-MLU773580795030190.jpg]
[zaiygv-qz.myshopify.com/cdn/shop/files/D_NQ_NP_2X_702366-MLU771449427480190.jpg]
[zaiygv-qz.myshopify.com/cdn/shop/files/D_NQ_NP_2X_615199-MLU773579544190190.jpg]
[zaiygv-qz.myshopify.com/cdn/shop/files/D_NQ_NP_2X_810307-MLU773580406010190.jpg]
[zaiygv-qz.myshopify.com/cdn/shop/files/D_NQ_NP_2X_951618-MLU773579544370190.jpg]
[zaiygv-qz.myshopify.com/cdn/shop/files/D_NQ_NP_2X_667802-MLU771451374580190.jpg]
[zaiygv-qz.myshopify.com/cdn/shop/files/D_NQ_NP_2X_747016-MLU725798190460190.jpg]
[zaiygv-qz.myshopify.com/cdn/shop/files/D_NQ_NP_2X_616967-MLU77145137410_500x5000190.jpg]
[zaiygv-qz.myshopify.com/cdn/shop/files/D_NQ_NP_2X_765346-MLU77357954401_500x5000190.jpg]
[zaiygv-qz.myshopify.com/cdn/shop/files/D_NQ_NP_2X_923122-MLU77358079495_500x5000190.jpg]
[zaiygv-qz.myshopify.com/cdn/shop/files/D_NQ_NP_2X_612371-MLU77358079503_500x5000190.jpg]
[zaiygv-qz.myshopify.com/cdn/shop/files/D_NQ_NP_2X_702366-MLU77144942748_500x5000190.jpg]
[zaiygv-qz.myshopify.com/cdn/shop/files/D_NQ_NP_2X_615199-MLU77357954419_500x5000190.jpg]
[zaiygv-qz.myshopify.com/cdn/shop/files/D_NQ_NP_2X_810307-MLU77358040601_500x5000190.jpg]
[zaiygv-qz.myshopify.com/cdn/shop/files/D_NQ_NP_2X_951618-MLU77357954437_500x5000190.jpg]
[zaiygv-qz.myshopify.com/cdn/shop/files/D_NQ_NP_2X_667802-MLU77145137458_500x5000190.jpg]
[zaiygv-qz.myshopify.com/cdn/shop/files/D_NQ_NP_2X_747016-MLU72579819046_500x5000190.jpg]
[zaiygv-qz.myshopify.com/products/geladeira-frost-free-panasonic-aco-escovado-220v.html]
[zaiygv-qz.myshopify.com/cdn/shop/files/D_NQ_NP_2X_841523-MLA747812464735b90.jpg]
[zaiygv-qz.myshopify.com/cdn/shop/files/D_NQ_NP_2X_969720-MLA747794975595b90.jpg]
[zaiygv-qz.myshopify.com/cdn/shop/files/D_NQ_NP_2X_808304-MLA698160461035b90.jpg]
[zaiygv-qz.myshopify.com/cdn/shop/files/D_NQ_NP_2X_703348-MLA698157782535b90.jpg]
[zaiygv-qz.myshopify.com/cdn/shop/files/D_NQ_NP_2X_997576-MLU726376055075b90.jpg]
[zaiygv-qz.myshopify.com/cdn/shop/files/D_NQ_NP_2X_878746-MLU780293823295b90.jpg]
[zaiygv-qz.myshopify.com/cdn/shop/files/D_NQ_NP_2X_943908-MLU780294613515b90.jpg]
[zaiygv-qz.myshopify.com/cdn/shop/files/D_NQ_NP_2X_841523-MLA74781246473_500x5005b90.jpg]
[zaiygv-qz.myshopify.com/cdn/shop/files/D_NQ_NP_2X_969720-MLA74779497559_500x5005b90.jpg]
[zaiygv-qz.myshopify.com/cdn/shop/files/D_NQ_NP_2X_808304-MLA69816046103_500x5005b90.jpg]
[zaiygv-qz.myshopify.com/cdn/shop/files/D_NQ_NP_2X_703348-MLA69815778253_500x5005b90.jpg]
[zaiygv-qz.myshopify.com/cdn/shop/files/D_NQ_NP_2X_997576-MLU72637605507_500x5005b90.jpg]
[zaiygv-qz.myshopify.com/cdn/shop/files/D_NQ_NP_2X_878746-MLU78029382329_500x5005b90.jpg]
[zaiygv-qz.myshopify.com/cdn/shop/files/D_NQ_NP_2X_725735-MLA69798881868_500x5005b90.jpg]
[zaiygv-qz.myshopify.com/cdn/shop/files/D_NQ_NP_2X_999247-MLU78029548485_500x5005b90.jpg]
[zaiygv-qz.myshopify.com/cdn/shop/files/D_NQ_NP_2X_727703-MLU74246695603_500x5005b90.jpg]
[zaiygv-qz.myshopify.com/cdn/shop/files/D_NQ_NP_2X_943908-MLU78029461351_500x5005b90.jpg]
[zaiygv-qz.myshopify.com/products/geladeira-panasonic-frost-free-480l-a-black-glass-nr-b-cor-preto-127v.html]
[http2.mlstatic.com/analytics/ga/mlb-ml-analytics.min.js]
[zaiygv-qz.myshopify.com/products/e,r.href]
[zaiygv-qz.myshopify.com/cdn/shop/t/4/assets/action-buybox]
[zaiygv-qz.myshopify.com/cdn/shop/t/4/assets/variables]
[zaiygv-qz.myshopify.com/cdn/shop/t/4/assets/quantity-input.mobile]
[zaiygv-qz.myshopify.com/cdn/shop/t/4/assets/quantity-selector.mobile]
[zaiygv-qz.myshopify.com/cdn/shop/t/4/assets/quantity-native]
[http2.mlstatic.com/frontend-assets/ml-web-navigation/ui-navigation/6.5.5/mercadolibre/logo__small.png]
[http2.mlstatic.com/frontend-assets/ml-web-navigation/ui-navigation/6.5.5/mercadolibre/logo__small@2x.png]
[http2.mlstatic.com/frontend-assets/ml-web-navigation/ui-navigation/6.5.5/mercadolibre/49x64-download-icon.png]
[http2.mlstatic.com/frontend-assets/ml-web-navigation/ui-navigation/6.5.5/mercadolibre/97x127-download-icon@2x.png]
[http2.mlstatic.com/frontend-assets/ml-web-navigation/ui-navigation/6.5.5/mercadolibre/accessibility.png]
[http2.mlstatic.com/frontend-assets/vpp-frontend/0ff4d62150facee6b7de.png]
[http2.mlstatic.com/frontend-assets/vpp-frontend/14d740b6ee64510747b0.gif]
[zaiygv-qz.myshopify.com/cdn/shop/t/4/assets/shared]
[zaiygv-qz.myshopify.com/cdn/shop/t/4/assets/_@recommendations-fe/commons/src/components/title/mobile]
[zaiygv-qz.myshopify.com/cdn/shop/t/4/assets/_@recommendations-fe/commons/src/components/subtitle/mobile]
[zaiygv-qz.myshopify.com/cdn/shop/t/4/assets/_@recommendations-fe/commons/src/components/title-tag/mobile]
[zaiygv-qz.myshopify.com/cdn/shop/t/4/assets/_@recommendations-fe/commons/src/components/footer/mobile]
[zaiygv-qz.myshopify.com/cdn/shop/t/4/assets/mobilec1e1.css]
[zaiygv-qz.myshopify.com/cdn/shop/t/4/assets/tamanho29e3.css]
[zaiygv-qz.myshopify.com/cdn/shop/t/4/assets/catalizador0a28.css]
[http2.mlstatic.com/frontend-assets/vpp-frontend/generic-modal.mobile.5bae6201.css]
[zaiygv-qz.myshopify.com/products/GET.html]
[zaiygv-qz.myshopify.com/cdn/shop/t/4/assets/anuncios0365.css]
[zaiygv-qz.myshopify.com/products/fogao-5-bocas-a-gas-dako-supreme-glass-preto-mesa-de-vidro-bivolt-127v-220v.oembed]
[zaiygv-qz.myshopify.com/cdn/shop/files/D_NQ_NP_2X_745473-MLU773562305334fc1.jpg]
[zaiygv-qz.myshopify.com/cdn/shop/files/D_NQ_NP_2X_855063-MLU773559644994fc1.jpg]
[zaiygv-qz.myshopify.com/cdn/shop/files/D_NQ_NP_2X_790639-MLU773562305474fc1.jpg]
[zaiygv-qz.myshopify.com/cdn/shop/files/D_NQ_NP_2X_928704-MLU773559645174fc1.jpg]
[zaiygv-qz.myshopify.com/cdn/shop/files/D_NQ_NP_2X_872166-MLU773559645254fc1.jpg]
[zaiygv-qz.myshopify.com/cdn/shop/files/D_NQ_NP_2X_863939-MLU771434376904fc1.jpg]
[zaiygv-qz.myshopify.com/cdn/shop/files/D_NQ_NP_2X_827158-MLU771434376924fc1.jpg]
[zaiygv-qz.myshopify.com/cdn/shop/files/D_NQ_NP_2X_745473-MLU77356230533_500x5004fc1.jpg]
[zaiygv-qz.myshopify.com/cdn/shop/files/D_NQ_NP_2X_855063-MLU77355964499_500x5004fc1.jpg]
[zaiygv-qz.myshopify.com/cdn/shop/files/D_NQ_NP_2X_790639-MLU77356230547_500x5004fc1.jpg]
[zaiygv-qz.myshopify.com/cdn/shop/files/D_NQ_NP_2X_928704-MLU77355964517_500x5004fc1.jpg]
[zaiygv-qz.myshopify.com/cdn/shop/files/D_NQ_NP_2X_872166-MLU77355964525_500x5004fc1.jpg]
[zaiygv-qz.myshopify.com/cdn/shop/files/D_NQ_NP_2X_863939-MLU77143437690_500x5004fc1.jpg]
[zaiygv-qz.myshopify.com/cdn/shop/files/D_NQ_NP_2X_827158-MLU77143437692_500x5004fc1.jpg]
[zaiygv-qz.myshopify.com/products/fogao-5-bocas-a-gas-dako-supreme-glass-preto-mesa-de-vidro-bivolt-127v-220v.html]
[zaiygv-qz.myshopify.com/products/fritadeira-eletrica-airfryer-oven-sem-oleo-electrolux-12-0l-digital-grafite-1700w-eaf90-experience-por-rita-lobo-110v.oembed]
[zaiygv-qz.myshopify.com/cdn/shop/files/D_NQ_NP_2X_925599-MLU727484625238e67.jpg]
[zaiygv-qz.myshopify.com/cdn/shop/files/D_NQ_NP_2X_619622-MLU727486152818e67.jpg]
[zaiygv-qz.myshopify.com/cdn/shop/files/D_NQ_NP_2X_728128-MLU727484625358e67.jpg]
[zaiygv-qz.myshopify.com/cdn/shop/files/D_NQ_NP_2X_965778-MLA804282214588e67.jpg]
[zaiygv-qz.myshopify.com/cdn/shop/files/D_NQ_NP_2X_638493-MLU727485675618e67.jpg]
[zaiygv-qz.myshopify.com/cdn/shop/files/D_NQ_NP_2X_765300-MLU727485004778e67.jpg]
[zaiygv-qz.myshopify.com/cdn/shop/files/D_NQ_NP_2X_886136-MLA821640211418e67.jpg]
[zaiygv-qz.myshopify.com/cdn/shop/files/D_NQ_NP_2X_830762-MLA821640211538e67.jpg]
[zaiygv-qz.myshopify.com/cdn/shop/files/D_NQ_NP_2X_926793-MLA821639742798e67.jpg]
[zaiygv-qz.myshopify.com/cdn/shop/files/D_NQ_NP_2X_854745-MLU747295848768e67.jpg]
[zaiygv-qz.myshopify.com/cdn/shop/files/D_NQ_NP_2X_958904-MLU727485675358e67.jpg]
[zaiygv-qz.myshopify.com/cdn/shop/files/D_NQ_NP_2X_925599-MLU72748462523_500x5008e67.jpg]
[zaiygv-qz.myshopify.com/cdn/shop/files/D_NQ_NP_2X_619622-MLU72748615281_500x5008e67.jpg]
[zaiygv-qz.myshopify.com/cdn/shop/files/D_NQ_NP_2X_728128-MLU72748462535_500x5008e67.jpg]
[zaiygv-qz.myshopify.com/cdn/shop/files/D_NQ_NP_2X_965778-MLA80428221458_500x5008e67.jpg]
[zaiygv-qz.myshopify.com/cdn/shop/files/D_NQ_NP_2X_638493-MLU72748567561_500x5008e67.jpg]
[zaiygv-qz.myshopify.com/cdn/shop/files/D_NQ_NP_2X_765300-MLU72748500477_500x5008e67.jpg]
[zaiygv-qz.myshopify.com/cdn/shop/files/D_NQ_NP_2X_886136-MLA82164021141_500x5008e67.jpg]
[zaiygv-qz.myshopify.com/cdn/shop/files/D_NQ_NP_2X_830762-MLA82164021153_500x5008e67.jpg]
[zaiygv-qz.myshopify.com/cdn/shop/files/D_NQ_NP_2X_926793-MLA82163974279_500x5008e67.jpg]
[zaiygv-qz.myshopify.com/cdn/shop/files/D_NQ_NP_2X_854745-MLU74729584876_500x5008e67.jpg]
[zaiygv-qz.myshopify.com/cdn/shop/files/D_NQ_NP_2X_958904-MLU72748567535_500x5008e67.jpg]
[zaiygv-qz.myshopify.com/products/fritadeira-eletrica-airfryer-oven-sem-oleo-electrolux-12-0l-digital-grafite-1700w-eaf90-experience-por-rita-lobo-110v.html]
[zaiygv-qz.myshopify.com/products/philips-walita-serie-3000-airfryers-hd9202-cor-preto-1400w.oembed]
[zaiygv-qz.myshopify.com/cdn/shop/files/D_NQ_NP_2X_920283-MLA796088746526cca.jpg]
[zaiygv-qz.myshopify.com/cdn/shop/files/D_NQ_NP_2X_838841-MLA796089419986cca.jpg]
[zaiygv-qz.myshopify.com/cdn/shop/files/D_NQ_NP_2X_717378-MLA796088746726cca.jpg]
[zaiygv-qz.myshopify.com/cdn/shop/files/D_NQ_NP_2X_608195-MLA798580093236cca.jpg]
[zaiygv-qz.myshopify.com/cdn/shop/files/D_NQ_NP_2X_811385-MLA796088846046cca.jpg]
[zaiygv-qz.myshopify.com/cdn/shop/files/D_NQ_NP_2X_999852-MLA796089420326cca.jpg]
[zaiygv-qz.myshopify.com/cdn/shop/files/D_NQ_NP_2X_627094-MLA796090087966cca.jpg]
[zaiygv-qz.myshopify.com/cdn/shop/files/D_NQ_NP_2X_952482-MLA798580477456cca.jpg]
[zaiygv-qz.myshopify.com/cdn/shop/files/D_NQ_NP_2X_910644-MLA798580477556cca.jpg]
[zaiygv-qz.myshopify.com/cdn/shop/files/D_NQ_NP_2X_920283-MLA79608874652_500x5006cca.jpg]
[zaiygv-qz.myshopify.com/cdn/shop/files/D_NQ_NP_2X_838841-MLA79608941998_500x5006cca.jpg]
[zaiygv-qz.myshopify.com/cdn/shop/files/D_NQ_NP_2X_717378-MLA79608874672_500x5006cca.jpg]
[zaiygv-qz.myshopify.com/cdn/shop/files/D_NQ_NP_2X_608195-MLA79858009323_500x5006cca.jpg]
[zaiygv-qz.myshopify.com/cdn/shop/files/D_NQ_NP_2X_811385-MLA79608884604_500x5006cca.jpg]
[zaiygv-qz.myshopify.com/cdn/shop/files/D_NQ_NP_2X_999852-MLA79608942032_500x5006cca.jpg]
[zaiygv-qz.myshopify.com/cdn/shop/files/D_NQ_NP_2X_627094-MLA79609008796_500x5006cca.jpg]
[zaiygv-qz.myshopify.com/cdn/shop/files/D_NQ_NP_2X_952482-MLA79858047745_500x5006cca.jpg]
[zaiygv-qz.myshopify.com/cdn/shop/files/D_NQ_NP_2X_910644-MLA79858047755_500x5006cca.jpg]
[zaiygv-qz.myshopify.com/products/philips-walita-serie-3000-airfryers-hd9202-cor-preto-1400w.html]
[zaiygv-qz.myshopify.com/cdn/shop/t/4/assets/action-buybox.html]
[zaiygv-qz.myshopify.com/cdn/shop/t/4/assets/variables.html]
[zaiygv-qz.myshopify.com/cdn/shop/t/4/assets/quantity-input.html]
[zaiygv-qz.myshopify.com/cdn/shop/t/4/assets/quantity-selector.html]
[zaiygv-qz.myshopify.com/cdn/shop/t/4/assets/quantity-native.html]
[zaiygv-qz.myshopify.com/cdn/shop/t/4/assets/shared.html]
[zaiygv-qz.myshopify.com/cdn/shop/t/4/assets/_@recommendations-fe/commons/src/components/title/mobile.html]
[zaiygv-qz.myshopify.com/cdn/shop/t/4/assets/_@recommendations-fe/commons/src/components/subtitle/mobile.html]
[zaiygv-qz.myshopify.com/cdn/shop/t/4/assets/_@recommendations-fe/commons/src/components/title-tag/mobile.html]
[zaiygv-qz.myshopify.com/cdn/shop/t/4/assets/_@recommendations-fe/commons/src/components/footer/mobile.html]
[zaiygv-qz.myshopify.com/products/geladeira-panasonic-frost-free-480l-a-black-glass-nr-b-cor-preto-127v.oembed]
[zaiygv-qz.myshopify.com/cdn/shop/files/D_NQ_NP_2X_725735-MLA697988818685b90.jpg]
[zaiygv-qz.myshopify.com/cdn/shop/files/D_NQ_NP_2X_727703-MLU742466956035b90.jpg]
